Archive member included to satisfy reference by file (symbol)

C:/Program Files/Arm/GNU Toolchain mingw-w64-x86_64-arm-none-eabi/bin/../lib/gcc/arm-none-eabi/15.2.1/thumb/v6-m/nofp\libgcc.a(_dvmd_tls.o)
                              CMakeFiles/monitor_hidratacao.dir/pico-sdk/src/rp2_common/pico_divider/divider_hardware.S.obj (__aeabi_idiv0)
C:/Program Files/Arm/GNU Toolchain mingw-w64-x86_64-arm-none-eabi/bin/../lib/gcc/arm-none-eabi/15.2.1/../../../../arm-none-eabi/lib/thumb/v6-m/nofp\libg.a(libc_a-atoi.o)
                              CMakeFiles/monitor_hidratacao.dir/pico-sdk/lib/lwip/src/core/netif.c.obj (atoi)
C:/Program Files/Arm/GNU Toolchain mingw-w64-x86_64-arm-none-eabi/bin/../lib/gcc/arm-none-eabi/15.2.1/../../../../arm-none-eabi/lib/thumb/v6-m/nofp\libg.a(libc_a-calloc.o)
                              CMakeFiles/monitor_hidratacao.dir/pico-sdk/src/rp2_common/pico_malloc/malloc.c.obj (calloc)
C:/Program Files/Arm/GNU Toolchain mingw-w64-x86_64-arm-none-eabi/bin/../lib/gcc/arm-none-eabi/15.2.1/../../../../arm-none-eabi/lib/thumb/v6-m/nofp\libg.a(libc_a-callocr.o)
                              C:/Program Files/Arm/GNU Toolchain mingw-w64-x86_64-arm-none-eabi/bin/../lib/gcc/arm-none-eabi/15.2.1/../../../../arm-none-eabi/lib/thumb/v6-m/nofp\libg.a(libc_a-calloc.o) (_calloc_r)
C:/Program Files/Arm/GNU Toolchain mingw-w64-x86_64-arm-none-eabi/bin/../lib/gcc/arm-none-eabi/15.2.1/../../../../arm-none-eabi/lib/thumb/v6-m/nofp\libg.a(libc_a-malloc.o)
                              CMakeFiles/monitor_hidratacao.dir/pico-sdk/src/rp2_common/pico_malloc/malloc.c.obj (malloc)
C:/Program Files/Arm/GNU Toolchain mingw-w64-x86_64-arm-none-eabi/bin/../lib/gcc/arm-none-eabi/15.2.1/../../../../arm-none-eabi/lib/thumb/v6-m/nofp\libg.a(libc_a-mallocr.o)
                              C:/Program Files/Arm/GNU Toolchain mingw-w64-x86_64-arm-none-eabi/bin/../lib/gcc/arm-none-eabi/15.2.1/../../../../arm-none-eabi/lib/thumb/v6-m/nofp\libg.a(libc_a-callocr.o) (_malloc_r)
C:/Program Files/Arm/GNU Toolchain mingw-w64-x86_64-arm-none-eabi/bin/../lib/gcc/arm-none-eabi/15.2.1/../../../../arm-none-eabi/lib/thumb/v6-m/nofp\libg.a(libc_a-mlock.o)
                              C:/Program Files/Arm/GNU Toolchain mingw-w64-x86_64-arm-none-eabi/bin/../lib/gcc/arm-none-eabi/15.2.1/../../../../arm-none-eabi/lib/thumb/v6-m/nofp\libg.a(libc_a-mallocr.o) (__malloc_lock)
C:/Program Files/Arm/GNU Toolchain mingw-w64-x86_64-arm-none-eabi/bin/../lib/gcc/arm-none-eabi/15.2.1/../../../../arm-none-eabi/lib/thumb/v6-m/nofp\libg.a(libc_a-realloc.o)
                              CMakeFiles/monitor_hidratacao.dir/pico-sdk/src/rp2_common/pico_malloc/malloc.c.obj (realloc)
C:/Program Files/Arm/GNU Toolchain mingw-w64-x86_64-arm-none-eabi/bin/../lib/gcc/arm-none-eabi/15.2.1/../../../../arm-none-eabi/lib/thumb/v6-m/nofp\libg.a(libc_a-reallocr.o)
                              C:/Program Files/Arm/GNU Toolchain mingw-w64-x86_64-arm-none-eabi/bin/../lib/gcc/arm-none-eabi/15.2.1/../../../../arm-none-eabi/lib/thumb/v6-m/nofp\libg.a(libc_a-realloc.o) (_realloc_r)
C:/Program Files/Arm/GNU Toolchain mingw-w64-x86_64-arm-none-eabi/bin/../lib/gcc/arm-none-eabi/15.2.1/../../../../arm-none-eabi/lib/thumb/v6-m/nofp\libg.a(libc_a-strtol.o)
                              C:/Program Files/Arm/GNU Toolchain mingw-w64-x86_64-arm-none-eabi/bin/../lib/gcc/arm-none-eabi/15.2.1/../../../../arm-none-eabi/lib/thumb/v6-m/nofp\libg.a(libc_a-atoi.o) (_strtol_r)
C:/Program Files/Arm/GNU Toolchain mingw-w64-x86_64-arm-none-eabi/bin/../lib/gcc/arm-none-eabi/15.2.1/../../../../arm-none-eabi/lib/thumb/v6-m/nofp\libg.a(libc_a-ctype_.o)
                              CMakeFiles/monitor_hidratacao.dir/pico-sdk/lib/lwip/src/core/dns.c.obj (_ctype_)
C:/Program Files/Arm/GNU Toolchain mingw-w64-x86_64-arm-none-eabi/bin/../lib/gcc/arm-none-eabi/15.2.1/../../../../arm-none-eabi/lib/thumb/v6-m/nofp\libg.a(libc_a-memcmp.o)
                              CMakeFiles/monitor_hidratacao.dir/pico-sdk/src/rp2_common/pico_atomic/atomic.c.obj (memcmp)
C:/Program Files/Arm/GNU Toolchain mingw-w64-x86_64-arm-none-eabi/bin/../lib/gcc/arm-none-eabi/15.2.1/../../../../arm-none-eabi/lib/thumb/v6-m/nofp\libg.a(libc_a-memmove.o)
                              CMakeFiles/monitor_hidratacao.dir/pico-sdk/lib/lwip/src/core/def.c.obj (memmove)
C:/Program Files/Arm/GNU Toolchain mingw-w64-x86_64-arm-none-eabi/bin/../lib/gcc/arm-none-eabi/15.2.1/../../../../arm-none-eabi/lib/thumb/v6-m/nofp\libg.a(libc_a-strncmp.o)
                              CMakeFiles/monitor_hidratacao.dir/pico-sdk/lib/lwip/src/core/def.c.obj (strncmp)
C:/Program Files/Arm/GNU Toolchain mingw-w64-x86_64-arm-none-eabi/bin/../lib/gcc/arm-none-eabi/15.2.1/../../../../arm-none-eabi/lib/thumb/v6-m/nofp\libg.a(libc_a-lcltime_r.o)
                              CMakeFiles/monitor_hidratacao.dir/pico-sdk/src/common/pico_util/datetime.c.obj (localtime_r)
[...]
Memory Configuration

Name             Origin             Length             Attributes
FLASH            0x10000000         0x00200000         xr
RAM              0x20000000         0x00040000         xrw
SCRATCH_X        0x20040000         0x00001000         xrw
SCRATCH_Y        0x20041000         0x00001000         xrw
*default*        0x00000000         0xffffffff

Linker script and memory map

LOAD C:/Program Files/Arm/GNU Toolchain mingw-w64-x86_64-arm-none-eabi/bin/../lib/gcc/arm-none-eabi/15.2.1/thumb/v6-m/nofp/crti.o
LOAD C:/Program Files/Arm/GNU Toolchain mingw-w64-x86_64-arm-none-eabi/bin/../lib/gcc/arm-none-eabi/15.2.1/thumb/v6-m/nofp/crtbegin.o
LOAD C:/Program Files/Arm/GNU Toolchain mingw-w64-x86_64-arm-none-eabi/bin/../lib/gcc/arm-none-eabi/15.2.1/../../../../arm-none-eabi/lib/thumb/v6-m/nofp/crt0.o

.flash_begin    0x10000000        0x0
                0x10000000                        __flash_binary_start = .

.boot2          0x10000000      0x100
                0x10000000                        __boot2_start__ = .
 *(.boot2)
 .boot2         0x10000000      0x100 pico-sdk\src\rp2040\boot_stage2\CMakeFiles\bs2_default_library.dir\bs2_default_padded_checksummed.S.obj
                0x10000100                        __boot2_end__ = .
                0x00000001                        ASSERT (((__boot2_end__ - __boot2_start__) == 0x100), ERROR: Pico second stage bootloader must be 256 bytes in size)

.text           0x10000100    0x1a14c
                0x10000100                        __logical_binary_start = .
 *(.vectors)
 .vectors       0x10000100       0xd4 CMakeFiles/monitor_hidratacao.dir/pico-sdk/src/rp2_common/pico_crt0/crt0.S.obj
                0x10000100                __VECTOR_TABLE
                0x10000100                __vectors
                0x100001c0                isr_irq13
                0x100001c0                isr_irq27
                0x100001c0                isr_irq31
                0x100001c0                isr_irq12
                0x100001c0                isr_irq5
                0x100001c0                isr_irq11
                0x100001c0                isr_irq3
                0x100001c0                isr_irq23
                0x100001c0                __unhandled_user_irq
                0x100001c0                isr_irq26
                0x100001c0                isr_irq28
                0x100001c0                isr_irq19
                0x100001c0                isr_irq0
                0x100001c0                isr_irq6
                0x100001c0                isr_irq29
                0x100001c0                isr_irq16
                0x100001c0                isr_irq22
                0x100001c0                isr_irq18
                0x100001c0                isr_irq17
                0x100001c0                isr_irq14
                0x100001c0                __vectors_end
                0x100001c0                __default_isrs_start
                0x100001c0                isr_irq2
                0x100001c0                isr_irq10
                0x100001c0                isr_irq8
                0x100001c0                isr_irq24
                0x100001c0                isr_irq1
                0x100001c0                isr_irq7
                0x100001c0                isr_irq21
                0x100001c0                isr_irq20
                0x100001c0                isr_irq15
                0x100001c0                isr_irq25
                0x100001c0                isr_irq4
                0x100001c0                isr_irq30
                0x100001c0                isr_irq9
                0x100001c6                unhandled_user_irq_num_in_r0
                0x100001c8                isr_invalid
                0x100001ca                isr_nmi
                0x100001cc                isr_hardfault
                0x100001ce                isr_svcall
                0x100001d0                isr_pendsv
                0x100001d2                isr_systick
                0x100001d4                __default_isrs_end
 *(.binary_info_header)
 .binary_info_header
                0x100001d4       0x14 CMakeFiles/monitor_hidratacao.dir/pico-sdk/src/rp2_common/pico_crt0/crt0.S.obj
                0x100001e8                        __binary_info_header_end = .
 *(.embedded_block)
                0x100001e8                        __embedded_block_end = .
 *(.reset)
 .reset         0x100001e8       0x9c CMakeFiles/monitor_hidratacao.dir/pico-sdk/src/rp2_common/pico_crt0/crt0.S.obj
                0x100001e8                _entry_point
 *(.init)
 .init          0x10000284        0x4 C:/Program Files/Arm/GNU Toolchain mingw-w64-x86_64-arm-none-eabi/bin/../lib/gcc/arm-none-eabi/15.2.1/thumb/v6-m/nofp/crti.o
                0x10000284                _init
 *(EXCLUDE_FILE(*libm.a: *libc.a:*lib_a-mem*.o *libgcc.a:) .text*)
 .text.register_tm_clones
                0x10000288       0x28 C:/Program Files/Arm/GNU Toolchain mingw-w64-x86_64-arm-none-eabi/bin/../lib/gcc/arm-none-eabi/15.2.1/thumb/v6-m/nofp/crtbegin.o
 .text.frame_dummy
                0x100002b0       0x24 C:/Program Files/Arm/GNU Toolchain mingw-w64-x86_64-arm-none-eabi/bin/../lib/gcc/arm-none-eabi/15.2.1/thumb/v6-m/nofp/crtbegin.o
 .text.callback_timer_hidratacao
                0x100002d4        0xc CMakeFiles/monitor_hidratacao.dir/main.c.obj
                0x100002d4                callback_timer_hidratacao
 .text.callback_botao_copo
                0x100002e0        0xc CMakeFiles/monitor_hidratacao.dir/main.c.obj
                0x100002e0                callback_botao_copo
 .text.startup.main
                0x100002ec      0x1a4 CMakeFiles/monitor_hidratacao.dir/main.c.obj
                0x100002ec                main
 .text.callback_interno
                0x10000490       0x40 CMakeFiles/monitor_hidratacao.dir/timer_module.c.obj
 .text.timer_init
                0x100004d0       0x54 CMakeFiles/monitor_hidratacao.dir/timer_module.c.obj
                0x100004d0                timer_init
 .text.timer_resetar
                0x10000524        0xc CMakeFiles/monitor_hidratacao.dir/timer_module.c.obj
                0x10000524                timer_resetar
 .text.timer_tempo_restante_s
                0x10000530       0x1c CMakeFiles/monitor_hidratacao.dir/timer_module.c.obj
                0x10000530                timer_tempo_restante_s
 .text.timer_pausar
                0x1000054c        0xc CMakeFiles/monitor_hidratacao.dir/timer_module.c.obj
                0x1000054c                timer_pausar
 .text.display_init
                0x10000558       0x60 CMakeFiles/monitor_hidratacao.dir/display_module.c.obj
                0x10000558                display_init
 .text.display_atualizar
                0x100005b8       0xcc CMakeFiles/monitor_hidratacao.dir/display_module.c.obj
                0x100005b8                display_atualizar
 .text.display_mostrar_alerta
                0x10000684       0x44 CMakeFiles/monitor_hidratacao.dir/display_module.c.obj
                0x10000684                display_mostrar_alerta
 .text.display_boas_vindas
                0x100006c8       0x6c CMakeFiles/monitor_hidratacao.dir/display_module.c.obj
                0x100006c8                display_boas_vindas
 .text.display_show_erro
                0x10000734       0x40 CMakeFiles/monitor_hidratacao.dir/display_module.c.obj
                0x10000734                display_show_erro
 .text.display_parabens
                0x10000774       0xdc CMakeFiles/monitor_hidratacao.dir/display_module.c.obj
                0x10000774                display_parabens
 .text.gpio_irq_handler
                0x10000850       0x50 CMakeFiles/monitor_hidratacao.dir/input_module.c.obj
 .text.input_init
                0x100008a0       0x4c CMakeFiles/monitor_hidratacao.dir/input_module.c.obj
                0x100008a0                input_init
 .text.buzzer_set_frequencia
                0x100008ec       0xb8 CMakeFiles/monitor_hidratacao.dir/buzzer_module.c.obj
 .text.buzzer_init
                0x100009a4       0x3c CMakeFiles/monitor_hidratacao.dir/buzzer_module.c.obj
                0x100009a4                buzzer_init
 .text.buzzer_toque_alerta
                0x100009e0       0x64 CMakeFiles/monitor_hidratacao.dir/buzzer_module.c.obj
                0x100009e0                buzzer_toque_alerta
 .text.buzzer_toque_confirmacao
                0x10000a44       0x64 CMakeFiles/monitor_hidratacao.dir/buzzer_module.c.obj
                0x10000a44                buzzer_toque_confirmacao
 .text.buzzer_musica_parabens
                0x10000aa8       0xbc CMakeFiles/monitor_hidratacao.dir/buzzer_module.c.obj
                0x10000aa8                buzzer_musica_parabens
 .text.mqtt_conn_callback
                0x10000b64        0x4 CMakeFiles/monitor_hidratacao.dir/mqtt_module.c.obj
 .text.mqtt_init
                0x10000b68       0x64 CMakeFiles/monitor_hidratacao.dir/mqtt_module.c.obj
                0x10000b68                mqtt_init
 .text.mqtt_publicar_dados
                0x10000bcc       0x5c CMakeFiles/monitor_hidratacao.dir/mqtt_module.c.obj
                0x10000bcc                mqtt_publicar_dados
 .text.ssd1306_draw_char_with_font.part.0
                0x10000c28      0x14c CMakeFiles/monitor_hidratacao.dir/libs/ssd1306/ssd1306.c.obj
 .text.ssd1306_init
                0x10000d74      0x130 CMakeFiles/monitor_hidratacao.dir/libs/ssd1306/ssd1306.c.obj
                0x10000d74                ssd1306_init
 .text.ssd1306_clear
                0x10000ea4       0x10 CMakeFiles/monitor_hidratacao.dir/libs/ssd1306/ssd1306.c.obj
                0x10000ea4                ssd1306_clear
 .text.ssd1306_draw_string
                0x10000eb4       0x6c CMakeFiles/monitor_hidratacao.dir/libs/ssd1306/ssd1306.c.obj
                0x10000eb4                ssd1306_draw_string
 .text.ssd1306_show
                0x10000f20       0xd0 CMakeFiles/monitor_hidratacao.dir/libs/ssd1306/ssd1306.c.obj
                0x10000f20                ssd1306_show
 .text.gpio_default_irq_handler
                0x10000ff0      0x2c0 CMakeFiles/monitor_hidratacao.dir/pico-sdk/src/rp2_common/hardware_gpio/gpio.c.obj
 .text.gpio_set_function
                0x100012b0       0x30 CMakeFiles/monitor_hidratacao.dir/pico-sdk/src/rp2_common/hardware_gpio/gpio.c.obj
                0x100012b0                gpio_set_function
 .text.gpio_set_pulls
                0x100012e0       0x24 CMakeFiles/monitor_hidratacao.dir/pico-sdk/src/rp2_common/hardware_gpio/gpio.c.obj
                0x100012e0                gpio_set_pulls
 .text.gpio_set_input_hysteresis_enabled
                0x10001304       0x24 CMakeFiles/monitor_hidratacao.dir/pico-sdk/src/rp2_common/hardware_gpio/gpio.c.obj
                0x10001304                gpio_set_input_hysteresis_enabled
 .text.gpio_set_irq_enabled
                0x10001328       0x54 CMakeFiles/monitor_hidratacao.dir/pico-sdk/src/rp2_common/hardware_gpio/gpio.c.obj
                0x10001328                gpio_set_irq_enabled
 .text.gpio_set_irq_enabled_with_callback
                0x1000137c       0xb0 CMakeFiles/monitor_hidratacao.dir/pico-sdk/src/rp2_common/hardware_gpio/gpio.c.obj
                0x1000137c                gpio_set_irq_enabled_with_callback
 .text.gpio_add_raw_irq_handler_with_order_priority_masked
                0x1000142c       0x40 CMakeFiles/monitor_hidratacao.dir/pico-sdk/src/rp2_common/hardware_gpio/gpio.c.obj
                0x1000142c                gpio_add_raw_irq_handler_with_order_priority_masked
 .text.gpio_remove_raw_irq_handler_masked
                0x1000146c       0x20 CMakeFiles/monitor_hidratacao.dir/pico-sdk/src/rp2_common/hardware_gpio/gpio.c.obj
                0x1000146c                gpio_remove_raw_irq_handler_masked
 .text.gpio_init
                0x1000148c       0x3c CMakeFiles/monitor_hidratacao.dir/pico-sdk/src/rp2_common/hardware_gpio/gpio.c.obj
                0x1000148c                gpio_init
 .text.rp2040_chip_version
                0x100014c8        0xc CMakeFiles/monitor_hidratacao.dir/pico-sdk/src/rp2040/pico_platform/platform.c.obj
                0x100014c8                rp2040_chip_version
 .text.panic    0x100014d4       0x30 CMakeFiles/monitor_hidratacao.dir/pico-sdk/src/rp2_common/pico_platform_panic/panic.c.obj
                0x100014d4                panic
 .text.hw_claim_lock
                0x10001504       0x18 CMakeFiles/monitor_hidratacao.dir/pico-sdk/src/common/hardware_claim/claim.c.obj
                0x10001504                hw_claim_lock
 .text.hw_claim_unlock
                0x1000151c       0x14 CMakeFiles/monitor_hidratacao.dir/pico-sdk/src/common/hardware_claim/claim.c.obj
                0x1000151c                hw_claim_unlock
 .text.hw_claim_or_assert
                0x10001530       0x50 CMakeFiles/monitor_hidratacao.dir/pico-sdk/src/common/hardware_claim/claim.c.obj
                0x10001530                hw_claim_or_assert
 .text.hw_claim_unused_from_range
                0x10001580       0x88 CMakeFiles/monitor_hidratacao.dir/pico-sdk/src/common/hardware_claim/claim.c.obj
                0x10001580                hw_claim_unused_from_range
 .text.hw_claim_clear
                0x10001608       0x40 CMakeFiles/monitor_hidratacao.dir/pico-sdk/src/common/hardware_claim/claim.c.obj
                0x10001608                hw_claim_clear
 .text.next_striped_spin_lock_num
                0x10001648       0x18 CMakeFiles/monitor_hidratacao.dir/pico-sdk/src/rp2_common/hardware_sync/sync.c.obj
                0x10001648                next_striped_spin_lock_num
 .text.spin_lock_claim_unused
                0x10001660       0x20 CMakeFiles/monitor_hidratacao.dir/pico-sdk/src/rp2_common/hardware_sync/sync.c.obj
                0x10001660                spin_lock_claim_unused
 .text.spin_locks_reset
                0x10001680       0x1c CMakeFiles/monitor_hidratacao.dir/pico-sdk/src/rp2_common/hardware_sync_spin_lock/sync_spin_lock.c.obj
                0x10001680                spin_locks_reset
 .text.runtime_init_per_core_irq_priorities
                0x1000169c       0x48 CMakeFiles/monitor_hidratacao.dir/pico-sdk/src/rp2_common/hardware_irq/irq.c.obj
                0x1000169c                runtime_init_per_core_irq_priorities
 .text.irq_set_enabled
                0x100016e4       0x24 CMakeFiles/monitor_hidratacao.dir/pico-sdk/src/rp2_common/hardware_irq/irq.c.obj
                0x100016e4                irq_set_enabled
 .text.irq_is_enabled
                0x10001708       0x18 CMakeFiles/monitor_hidratacao.dir/pico-sdk/src/rp2_common/hardware_irq/irq.c.obj
                0x10001708                irq_is_enabled
 .text.irq_set_pending
                0x10001720       0x10 CMakeFiles/monitor_hidratacao.dir/pico-sdk/src/rp2_common/hardware_irq/irq.c.obj
                0x10001720                irq_set_pending
 .text.irq_has_shared_handler
                0x10001730       0x20 CMakeFiles/monitor_hidratacao.dir/pico-sdk/src/rp2_common/hardware_irq/irq.c.obj
                0x10001730                irq_has_shared_handler
 .text.irq_set_exclusive_handler
                0x10001750       0x54 CMakeFiles/monitor_hidratacao.dir/pico-sdk/src/rp2_common/hardware_irq/irq.c.obj
                0x10001750                irq_set_exclusive_handler
 .text.irq_add_shared_handler
                0x100017a4      0x1cc CMakeFiles/monitor_hidratacao.dir/pico-sdk/src/rp2_common/hardware_irq/irq.c.obj
                0x100017a4                irq_add_shared_handler
 .text.irq_remove_handler
                0x10001970      0x1c8 CMakeFiles/monitor_hidratacao.dir/pico-sdk/src/rp2_common/hardware_irq/irq.c.obj
                0x10001970                irq_remove_handler
 .text.irq_set_priority
                0x10001b38       0x28 CMakeFiles/monitor_hidratacao.dir/pico-sdk/src/rp2_common/hardware_irq/irq.c.obj
                0x10001b38                irq_set_priority
 .text.irq_add_tail_to_free_list
                0x10001b60       0xb4 CMakeFiles/monitor_hidratacao.dir/pico-sdk/src/rp2_common/hardware_irq/irq.c.obj
                0x10001b60                irq_add_tail_to_free_list
 .text.user_irq_unclaim
                0x10001c14       0x14 CMakeFiles/monitor_hidratacao.dir/pico-sdk/src/rp2_common/hardware_irq/irq.c.obj
                0x10001c14                user_irq_unclaim
 .text.user_irq_claim_unused
                0x10001c28       0x28 CMakeFiles/monitor_hidratacao.dir/pico-sdk/src/rp2_common/hardware_irq/irq.c.obj
                0x10001c28                user_irq_claim_unused
 .text.sem_init
                0x10001c50       0x20 CMakeFiles/monitor_hidratacao.dir/pico-sdk/src/common/pico_sync/sem.c.obj
                0x10001c50                sem_init
 .text.lock_init
                0x10001c70       0x10 CMakeFiles/monitor_hidratacao.dir/pico-sdk/src/common/pico_sync/lock_core.c.obj
                0x10001c70                lock_init
 .text.runtime_init_mutex
                0x10001c80       0x50 CMakeFiles/monitor_hidratacao.dir/pico-sdk/src/common/pico_sync/mutex.c.obj
                0x10001c80                runtime_init_mutex
 .text.mutex_init
                0x10001cd0       0x1c CMakeFiles/monitor_hidratacao.dir/pico-sdk/src/common/pico_sync/mutex.c.obj
                0x10001cd0                mutex_init
 .text.recursive_mutex_init
                0x10001cec       0x1c CMakeFiles/monitor_hidratacao.dir/pico-sdk/src/common/pico_sync/mutex.c.obj
                0x10001cec                recursive_mutex_init
 .text.critical_section_init
                0x10001d08       0x1c CMakeFiles/monitor_hidratacao.dir/pico-sdk/src/common/pico_sync/critical_section.c.obj
                0x10001d08                critical_section_init
 .text.critical_section_init_with_lock_num
                0x10001d24       0x14 CMakeFiles/monitor_hidratacao.dir/pico-sdk/src/common/pico_sync/critical_section.c.obj
                0x10001d24                critical_section_init_with_lock_num
 .text.sleep_until_callback
                0x10001d38       0x30 CMakeFiles/monitor_hidratacao.dir/pico-sdk/src/common/pico_time/time.c.obj
 .text.alarm_pool_irq_handler
                0x10001d68      0x2f4 CMakeFiles/monitor_hidratacao.dir/pico-sdk/src/common/pico_time/time.c.obj
 .text.runtime_init_default_alarm_pool
                0x1000205c       0xd8 CMakeFiles/monitor_hidratacao.dir/pico-sdk/src/common/pico_time/time.c.obj
                0x1000205c                runtime_init_default_alarm_pool
 .text.alarm_pool_get_default
                0x10002134        0x8 CMakeFiles/monitor_hidratacao.dir/pico-sdk/src/common/pico_time/time.c.obj
                0x10002134                alarm_pool_get_default
 .text.alarm_pool_add_alarm_at
                0x1000213c       0xcc CMakeFiles/monitor_hidratacao.dir/pico-sdk/src/common/pico_time/time.c.obj
                0x1000213c                alarm_pool_add_alarm_at
 .text.alarm_pool_add_alarm_at_force_in_context
                0x10002208       0xbc CMakeFiles/monitor_hidratacao.dir/pico-sdk/src/common/pico_time/time.c.obj
                0x10002208                alarm_pool_add_alarm_at_force_in_context
 .text.alarm_pool_cancel_alarm
                0x100022c4       0x74 CMakeFiles/monitor_hidratacao.dir/pico-sdk/src/common/pico_time/time.c.obj
                0x100022c4                alarm_pool_cancel_alarm
 .text.alarm_pool_core_num
                0x10002338        0x4 CMakeFiles/monitor_hidratacao.dir/pico-sdk/src/common/pico_time/time.c.obj
                0x10002338                alarm_pool_core_num
 .text.sleep_until
                0x1000233c       0xc8 CMakeFiles/monitor_hidratacao.dir/pico-sdk/src/common/pico_time/time.c.obj
                0x1000233c                sleep_until
 .text.sleep_ms
                0x10002404       0xfc CMakeFiles/monitor_hidratacao.dir/pico-sdk/src/common/pico_time/time.c.obj
                0x10002404                sleep_ms
 .text.best_effort_wfe_or_timeout
                0x10002500      0x100 CMakeFiles/monitor_hidratacao.dir/pico-sdk/src/common/pico_time/time.c.obj
                0x10002500                best_effort_wfe_or_timeout
 .text.alarm_pool_add_repeating_timer_us
                0x10002600      0x124 CMakeFiles/monitor_hidratacao.dir/pico-sdk/src/common/pico_time/time.c.obj
                0x10002600                alarm_pool_add_repeating_timer_us
 .text.timer_hardware_alarm_claim
                0x10002724       0x14 CMakeFiles/monitor_hidratacao.dir/pico-sdk/src/rp2_common/hardware_timer/timer.c.obj
                0x10002724                timer_hardware_alarm_claim
 .text.timer_time_us_64
                0x10002738       0x10 CMakeFiles/monitor_hidratacao.dir/pico-sdk/src/rp2_common/hardware_timer/timer.c.obj
                0x10002738                timer_time_us_64
 .text.time_us_64
                0x10002748       0x14 CMakeFiles/monitor_hidratacao.dir/pico-sdk/src/rp2_common/hardware_timer/timer.c.obj
                0x10002748                time_us_64
 .text.busy_wait_until
                0x1000275c       0x20 CMakeFiles/monitor_hidratacao.dir/pico-sdk/src/rp2_common/hardware_timer/timer.c.obj
                0x1000275c                busy_wait_until
 .text.clock_configure_int_divider
                0x1000277c       0xec CMakeFiles/monitor_hidratacao.dir/pico-sdk/src/rp2_common/hardware_clocks/clocks.c.obj
                0x1000277c                clock_configure_int_divider
 .text.clock_configure_undivided
                0x10002868       0xe0 CMakeFiles/monitor_hidratacao.dir/pico-sdk/src/rp2_common/hardware_clocks/clocks.c.obj
                0x10002868                clock_configure_undivided
 .text.clock_get_hz
                0x10002948        0xc CMakeFiles/monitor_hidratacao.dir/pico-sdk/src/rp2_common/hardware_clocks/clocks.c.obj
                0x10002948                clock_get_hz
 .text.pll_init
                0x10002954       0xb0 CMakeFiles/monitor_hidratacao.dir/pico-sdk/src/rp2_common/hardware_pll/pll.c.obj
                0x10002954                pll_init
 .text.watchdog_reboot
                0x10002a04       0x9c CMakeFiles/monitor_hidratacao.dir/pico-sdk/src/rp2_common/hardware_watchdog/watchdog.c.obj
                0x10002a04                watchdog_reboot
 .text.tick_start
                0x10002aa0       0x10 CMakeFiles/monitor_hidratacao.dir/pico-sdk/src/rp2_common/hardware_ticks/ticks.c.obj
                0x10002aa0                tick_start
 .text.rom_func_lookup
                0x10002ab0       0x10 CMakeFiles/monitor_hidratacao.dir/pico-sdk/src/rp2_common/pico_bootrom/bootrom.c.obj
                0x10002ab0                rom_func_lookup
 .text.rom_data_lookup
                0x10002ac0       0x10 CMakeFiles/monitor_hidratacao.dir/pico-sdk/src/rp2_common/pico_bootrom/bootrom.c.obj
                0x10002ac0                rom_data_lookup
 .text.rom_funcs_lookup
                0x10002ad0       0x44 CMakeFiles/monitor_hidratacao.dir/pico-sdk/src/rp2_common/pico_bootrom/bootrom.c.obj
                0x10002ad0                rom_funcs_lookup
 .text.rom_reset_usb_boot_extra
                0x10002b14       0x24 CMakeFiles/monitor_hidratacao.dir/pico-sdk/src/rp2_common/pico_bootrom/bootrom.c.obj
                0x10002b14                rom_reset_usb_boot_extra
 .text.xosc_init
                0x10002b38       0x28 CMakeFiles/monitor_hidratacao.dir/pico-sdk/src/rp2_common/hardware_xosc/xosc.c.obj
                0x10002b38                xosc_init
 .text.first_per_core_initializer
                0x10002b60        0x4 CMakeFiles/monitor_hidratacao.dir/pico-sdk/src/rp2_common/pico_runtime/runtime.c.obj
 .text.hard_assertion_failure
                0x10002b64        0xc CMakeFiles/monitor_hidratacao.dir/pico-sdk/src/rp2_common/pico_runtime/runtime.c.obj
                0x10002b64                hard_assertion_failure
 .text.runtime_run_initializers
                0x10002b70       0x28 CMakeFiles/monitor_hidratacao.dir/pico-sdk/src/rp2_common/pico_runtime/runtime.c.obj
                0x10002b70                runtime_run_initializers
 .text.runtime_init_early_resets
                0x10002b98       0x2c CMakeFiles/monitor_hidratacao.dir/pico-sdk/src/rp2_common/pico_runtime_init/runtime_init.c.obj
                0x10002b98                runtime_init_early_resets
 .text.runtime_init_usb_power_down
                0x10002bc4       0x1c CMakeFiles/monitor_hidratacao.dir/pico-sdk/src/rp2_common/pico_runtime_init/runtime_init.c.obj
                0x10002bc4                runtime_init_usb_power_down
 .text.runtime_init_post_clock_resets
                0x10002be0       0x20 CMakeFiles/monitor_hidratacao.dir/pico-sdk/src/rp2_common/pico_runtime_init/runtime_init.c.obj
                0x10002be0                runtime_init_post_clock_resets
 .text.runtime_init_rp2040_gpio_ie_disable
                0x10002c00       0x14 CMakeFiles/monitor_hidratacao.dir/pico-sdk/src/rp2_common/pico_runtime_init/runtime_init.c.obj
                0x10002c00                runtime_init_rp2040_gpio_ie_disable
 .text.runtime_init_spin_locks_reset
                0x10002c14        0x8 CMakeFiles/monitor_hidratacao.dir/pico-sdk/src/rp2_common/pico_runtime_init/runtime_init.c.obj
                0x10002c14                runtime_init_spin_locks_reset
 .text.runtime_init_install_ram_vector_table
                0x10002c1c       0xb8 CMakeFiles/monitor_hidratacao.dir/pico-sdk/src/rp2_common/pico_runtime_init/runtime_init.c.obj
                0x10002c1c                runtime_init_install_ram_vector_table
 .text.runtime_init_clocks
                0x10002cd4       0xd8 CMakeFiles/monitor_hidratacao.dir/pico-sdk/src/rp2_common/pico_runtime_init/runtime_init_clocks.c.obj
                0x10002cd4                runtime_init_clocks
 .text          0x10002dac       0x10 CMakeFiles/monitor_hidratacao.dir/pico-sdk/src/rp2_common/pico_bit_ops/bit_ops_aeabi.S.obj
 .text.ctzsi    0x10002dbc        0xc CMakeFiles/monitor_hidratacao.dir/pico-sdk/src/rp2_common/pico_bit_ops/bit_ops_aeabi.S.obj
                0x10002dbc                __wrap___ctzsi2
 .text.__wrap___aeabi_idiv
                0x10002dc8       0x50 CMakeFiles/monitor_hidratacao.dir/pico-sdk/src/rp2_common/pico_divider/divider_hardware.S.obj
                0x10002dc8                __wrap___aeabi_idivmod
                0x10002dc8                divmod_s32s32
                0x10002dc8                div_s32s32
                0x10002dc8                __wrap___aeabi_idiv
                0x10002dd0                divmod_s32s32_unsafe
                0x10002dfc                divmod_s32s32_savestate
 .text.__wrap___aeabi_uidiv
                0x10002e18       0x4c CMakeFiles/monitor_hidratacao.dir/pico-sdk/src/rp2_common/pico_divider/divider_hardware.S.obj
                0x10002e18                __wrap___aeabi_uidiv
                0x10002e18                __wrap___aeabi_uidivmod
                0x10002e18                div_u32u32
                0x10002e18                divmod_u32u32
                0x10002e20                divmod_u32u32_unsafe
                0x10002e48                divmod_u32u32_savestate
 .text.__wrap___aeabi_ldiv
                0x10002e64      0x424 CMakeFiles/monitor_hidratacao.dir/pico-sdk/src/rp2_common/pico_divider/divider_hardware.S.obj
                0x10002e64                div_s64s64
                0x10002e64                divmod_s64s64
                0x10002e64                __wrap___aeabi_ldivmod
                0x10002e94                divmod_u64u64
                0x10002e94                div_u64u64
                0x10002e94                __wrap___aeabi_uldivmod
                0x10002ea4                divmod_u64u64_savestate
                0x10002ec4                divmod_s64s64_unsafe
                0x10002f4c                divmod_u64u64_unsafe
 .text.__wrap___aeabi_darithmetic
                0x10003288       0x60 CMakeFiles/monitor_hidratacao.dir/pico-sdk/src/rp2_common/pico_double/double_aeabi_rp2040.S.obj
                0x10003288                __wrap___aeabi_drsub
                0x1000328e                __wrap___aeabi_dsub
                0x10003298                __wrap___aeabi_dadd
                0x100032a2                __wrap___aeabi_ddiv
                0x100032d6                __wrap___aeabi_dmul
 .text.__wrap___aeabi_cdcmple
                0x100032e8       0x6c CMakeFiles/monitor_hidratacao.dir/pico-sdk/src/rp2_common/pico_double/double_aeabi_rp2040.S.obj
                0x100032e8                __wrap___aeabi_cdrcmple
                0x100032f8                __wrap___aeabi_cdcmpeq
                0x100032f8                __wrap___aeabi_cdcmple
 .text.__wrap___aeabi_dcmplt
                0x10003354        0xc CMakeFiles/monitor_hidratacao.dir/pico-sdk/src/rp2_common/pico_double/double_aeabi_rp2040.S.obj
                0x10003354                __wrap___aeabi_dcmplt
 .text.__wrap___aeabi_dcmple
                0x10003360       0x10 CMakeFiles/monitor_hidratacao.dir/pico-sdk/src/rp2_common/pico_double/double_aeabi_rp2040.S.obj
                0x10003360                __wrap___aeabi_dcmple
 .text.__wrap___aeabi_dcmpge
                0x10003370       0x10 CMakeFiles/monitor_hidratacao.dir/pico-sdk/src/rp2_common/pico_double/double_aeabi_rp2040.S.obj
                0x10003370                __wrap___aeabi_dcmpge
 .text.__wrap___aeabi_dcmpgt
                0x10003380        0xa CMakeFiles/monitor_hidratacao.dir/pico-sdk/src/rp2_common/pico_double/double_aeabi_rp2040.S.obj
                0x10003380                __wrap___aeabi_dcmpgt
 .text.__wrap___aeabi_dcmpun
                0x1000338a       0x18 CMakeFiles/monitor_hidratacao.dir/pico-sdk/src/rp2_common/pico_double/double_aeabi_rp2040.S.obj
                0x1000338a                __wrap___aeabi_dcmpun
 *fill*         0x100033a2        0x2 
 .text.__wrap___aeabi_i2d
                0x100033a4       0x38 CMakeFiles/monitor_hidratacao.dir/pico-sdk/src/rp2_common/pico_double/double_aeabi_rp2040.S.obj
                0x100033a4                uint2double
                0x100033a4                __wrap___aeabi_ui2d
                0x100033ac                int2double
                0x100033ac                __wrap___aeabi_i2d
 .text.__wrap___aeabi_d2iz
                0x100033dc       0x48 CMakeFiles/monitor_hidratacao.dir/pico-sdk/src/rp2_common/pico_double/double_aeabi_rp2040.S.obj
                0x100033dc                double2int_z
                0x100033dc                __wrap___aeabi_d2iz
 .text.__wrap___aeabi_d2uiz
                0x10003424       0x10 CMakeFiles/monitor_hidratacao.dir/pico-sdk/src/rp2_common/pico_double/double_aeabi_rp2040.S.obj
                0x10003424                double2uint
                0x10003424                __wrap___aeabi_d2uiz
                0x10003424                double2uint_z
 .text.missing_double_func_shim
                0x10003434        0xc CMakeFiles/monitor_hidratacao.dir/pico-sdk/src/rp2_common/pico_double/double_init_rom_rp2040.c.obj
 .text.__aeabi_double_init
                0x10003440       0xa0 CMakeFiles/monitor_hidratacao.dir/pico-sdk/src/rp2_common/pico_double/double_init_rom_rp2040.c.obj
                0x10003440                __aeabi_double_init
 .text.double_table_shim_on_use_helper
                0x100034e0       0x2c CMakeFiles/monitor_hidratacao.dir/pico-sdk/src/rp2_common/pico_double/double_v1_rom_shim_rp2040.S.obj
                0x100034e0                double_table_shim_on_use_helper
 .text.__aeabi_lmul
                0x1000350c       0x32 CMakeFiles/monitor_hidratacao.dir/pico-sdk/src/rp2_common/pico_int64_ops/pico_int64_ops_aeabi.S.obj
                0x1000350c                __wrap___aeabi_lmul
 *fill*         0x1000353e        0x2 
 .text.__wrap___aeabi_farithmetic
                0x10003540       0x48 CMakeFiles/monitor_hidratacao.dir/pico-sdk/src/rp2_common/pico_float/float_aeabi_rp2040.S.obj
                0x10003540                __wrap___aeabi_frsub
                0x10003546                __wrap___aeabi_fsub
                0x1000354c                __wrap___aeabi_fadd
                0x10003552                __wrap___aeabi_fdiv
                0x1000357a                __wrap___aeabi_fmul
 .text.__wrap___aeabi_ui2f
                0x10003588        0xa CMakeFiles/monitor_hidratacao.dir/pico-sdk/src/rp2_common/pico_float/float_aeabi_rp2040.S.obj
                0x10003588                __wrap___aeabi_ui2f
                0x10003588                uint2float
 *fill*         0x10003592        0x2 
 .text.__wrap___aeabi_i2f
                0x10003594       0x44 CMakeFiles/monitor_hidratacao.dir/pico-sdk/src/rp2_common/pico_float/float_aeabi_rp2040.S.obj
                0x10003594                __wrap___aeabi_i2f
                0x10003594                int2float
 .text.__wrap___aeabi_f2uiz
                0x100035d8        0xc CMakeFiles/monitor_hidratacao.dir/pico-sdk/src/rp2_common/pico_float/float_aeabi_rp2040.S.obj
                0x100035d8                float2uint_z
                0x100035d8                __wrap___aeabi_f2uiz
                0x100035d8                float2uint
 .text.missing_float_func_shim
                0x100035e4        0xc CMakeFiles/monitor_hidratacao.dir/pico-sdk/src/rp2_common/pico_float/float_init_rom_rp2040.c.obj
 .text.__aeabi_float_init
                0x100035f0       0x60 CMakeFiles/monitor_hidratacao.dir/pico-sdk/src/rp2_common/pico_float/float_init_rom_rp2040.c.obj
                0x100035f0                __aeabi_float_init
 .text.__wrap_malloc
                0x10003650       0x24 CMakeFiles/monitor_hidratacao.dir/pico-sdk/src/rp2_common/pico_malloc/malloc.c.obj
                0x10003650                __wrap_malloc
 .text          0x10003674       0x10 CMakeFiles/monitor_hidratacao.dir/pico-sdk/src/rp2_common/pico_mem_ops/mem_ops_aeabi.S.obj
                0x10003674                __aeabi_mem_init
 .text.memset   0x10003684        0xc CMakeFiles/monitor_hidratacao.dir/pico-sdk/src/rp2_common/pico_mem_ops/mem_ops_aeabi.S.obj
                0x10003684                __wrap_memset
 .text.memcpy   0x10003690        0xc CMakeFiles/monitor_hidratacao.dir/pico-sdk/src/rp2_common/pico_mem_ops/mem_ops_aeabi.S.obj
                0x10003690                __wrap_memcpy
                0x10003690                __wrap___aeabi_memcpy
 .text._out_buffer
                0x1000369c        0x8 CMakeFiles/monitor_hidratacao.dir/pico-sdk/src/rp2_common/pico_printf/printf.c.obj
 .text._out_null
                0x100036a4        0x4 CMakeFiles/monitor_hidratacao.dir/pico-sdk/src/rp2_common/pico_printf/printf.c.obj
 .text._out_rev
                0x100036a8       0xa8 CMakeFiles/monitor_hidratacao.dir/pico-sdk/src/rp2_common/pico_printf/printf.c.obj
 .text._ntoa_format
                0x10003750      0x1d8 CMakeFiles/monitor_hidratacao.dir/pico-sdk/src/rp2_common/pico_printf/printf.c.obj
 .text._out_char
                0x10003928       0x10 CMakeFiles/monitor_hidratacao.dir/pico-sdk/src/rp2_common/pico_printf/printf.c.obj
 .text._out_fct
                0x10003938       0x10 CMakeFiles/monitor_hidratacao.dir/pico-sdk/src/rp2_common/pico_printf/printf.c.obj
 .text._ftoa    0x10003948      0x474 CMakeFiles/monitor_hidratacao.dir/pico-sdk/src/rp2_common/pico_printf/printf.c.obj
 .text._etoa    0x10003dbc      0x560 CMakeFiles/monitor_hidratacao.dir/pico-sdk/src/rp2_common/pico_printf/printf.c.obj
 .text._vsnprintf
                0x1000431c      0xab8 CMakeFiles/monitor_hidratacao.dir/pico-sdk/src/rp2_common/pico_printf/printf.c.obj
 .text.__wrap_snprintf
                0x10004dd4       0x28 CMakeFiles/monitor_hidratacao.dir/pico-sdk/src/rp2_common/pico_printf/printf.c.obj
                0x10004dd4                __wrap_snprintf
 .text.vfctprintf
                0x10004dfc       0x20 CMakeFiles/monitor_hidratacao.dir/pico-sdk/src/rp2_common/pico_printf/printf.c.obj
                0x10004dfc                vfctprintf
 .text.weak_raw_vprintf
                0x10004e1c       0x30 CMakeFiles/monitor_hidratacao.dir/pico-sdk/src/rp2_common/pico_printf/printf.c.obj
                0x10004e1c                weak_raw_vprintf
 .text._exit    0x10004e4c        0x4 CMakeFiles/monitor_hidratacao.dir/pico-sdk/src/rp2_common/pico_clib_interface/newlib_interface.c.obj
                0x10004e4c                _exit
 .text._sbrk    0x10004e50       0x34 CMakeFiles/monitor_hidratacao.dir/pico-sdk/src/rp2_common/pico_clib_interface/newlib_interface.c.obj
                0x10004e50                _sbrk
 .text.exit     0x10004e84        0x8 CMakeFiles/monitor_hidratacao.dir/pico-sdk/src/rp2_common/pico_clib_interface/newlib_interface.c.obj
                0x10004e84                exit
 .text.runtime_init
                0x10004e8c       0x2c CMakeFiles/monitor_hidratacao.dir/pico-sdk/src/rp2_common/pico_clib_interface/newlib_interface.c.obj
                0x10004e8c                runtime_init
 .text.stdio_out_chars_no_crlf
                0x10004eb8       0x10 CMakeFiles/monitor_hidratacao.dir/pico-sdk/src/rp2_common/pico_stdio/stdio.c.obj
 .text.stdio_out_chars_crlf
                0x10004ec8       0x90 CMakeFiles/monitor_hidratacao.dir/pico-sdk/src/rp2_common/pico_stdio/stdio.c.obj
 .text.stdio_buffered_printer
                0x10004f58       0x64 CMakeFiles/monitor_hidratacao.dir/pico-sdk/src/rp2_common/pico_stdio/stdio.c.obj
 .text.stdio_put_string
                0x10004fbc       0xf4 CMakeFiles/monitor_hidratacao.dir/pico-sdk/src/rp2_common/pico_stdio/stdio.c.obj
                0x10004fbc                stdio_put_string
 .text.stdio_set_driver_enabled
                0x100050b0       0x30 CMakeFiles/monitor_hidratacao.dir/pico-sdk/src/rp2_common/pico_stdio/stdio.c.obj
                0x100050b0                stdio_set_driver_enabled
 .text.stdio_init_all
                0x100050e0        0x8 CMakeFiles/monitor_hidratacao.dir/pico-sdk/src/rp2_common/pico_stdio/stdio.c.obj
                0x100050e0                stdio_init_all
 .text.__wrap_putchar
                0x100050e8       0x94 CMakeFiles/monitor_hidratacao.dir/pico-sdk/src/rp2_common/pico_stdio/stdio.c.obj
                0x100050e8                __wrap_putchar
                0x100050e8                stdio_putchar
 .text.__wrap_puts
                0x1000517c       0x3c CMakeFiles/monitor_hidratacao.dir/pico-sdk/src/rp2_common/pico_stdio/stdio.c.obj
                0x1000517c                stdio_puts
                0x1000517c                __wrap_puts
 .text.__wrap_vprintf
                0x100051b8       0xc8 CMakeFiles/monitor_hidratacao.dir/pico-sdk/src/rp2_common/pico_stdio/stdio.c.obj
                0x100051b8                stdio_vprintf
                0x100051b8                __wrap_vprintf
 .text.__wrap_printf
                0x10005280       0x18 CMakeFiles/monitor_hidratacao.dir/pico-sdk/src/rp2_common/pico_stdio/stdio.c.obj
                0x10005280                __wrap_printf
                0x10005280                stdio_printf
 .text.resetd_init
                0x10005298        0x4 CMakeFiles/monitor_hidratacao.dir/pico-sdk/src/rp2_common/pico_stdio_usb/reset_interface.c.obj
 .text.resetd_reset
                0x1000529c        0xc CMakeFiles/monitor_hidratacao.dir/pico-sdk/src/rp2_common/pico_stdio_usb/reset_interface.c.obj
 .text.resetd_open
                0x100052a8       0x28 CMakeFiles/monitor_hidratacao.dir/pico-sdk/src/rp2_common/pico_stdio_usb/reset_interface.c.obj
 .text.resetd_xfer_cb
                0x100052d0        0x4 CMakeFiles/monitor_hidratacao.dir/pico-sdk/src/rp2_common/pico_stdio_usb/reset_interface.c.obj
 .text.resetd_control_xfer_cb
                0x100052d4       0x54 CMakeFiles/monitor_hidratacao.dir/pico-sdk/src/rp2_common/pico_stdio_usb/reset_interface.c.obj
 .text.tud_descriptor_bos_cb
                0x10005328        0x8 CMakeFiles/monitor_hidratacao.dir/pico-sdk/src/rp2_common/pico_stdio_usb/reset_interface.c.obj
                0x10005328                tud_descriptor_bos_cb
 .text.tud_vendor_control_xfer_cb
                0x10005330       0x38 CMakeFiles/monitor_hidratacao.dir/pico-sdk/src/rp2_common/pico_stdio_usb/reset_interface.c.obj
                0x10005330                tud_vendor_control_xfer_cb
 .text.usbd_app_driver_get_cb
                0x10005368        0xc CMakeFiles/monitor_hidratacao.dir/pico-sdk/src/rp2_common/pico_stdio_usb/reset_interface.c.obj
                0x10005368                usbd_app_driver_get_cb
 .text.tud_cdc_line_coding_cb
                0x10005374       0x2c CMakeFiles/monitor_hidratacao.dir/pico-sdk/src/rp2_common/pico_stdio_usb/reset_interface.c.obj
                0x10005374                tud_cdc_line_coding_cb
 .text.stdio_usb_set_chars_available_callback
                0x100053a0       0x14 CMakeFiles/monitor_hidratacao.dir/pico-sdk/src/rp2_common/pico_stdio_usb/stdio_usb.c.obj
                0x100053a0                stdio_usb_set_chars_available_callback
 .text.usb_irq  0x100053b4       0x10 CMakeFiles/monitor_hidratacao.dir/pico-sdk/src/rp2_common/pico_stdio_usb/stdio_usb.c.obj
 .text.timer_task
                0x100053c4       0x64 CMakeFiles/monitor_hidratacao.dir/pico-sdk/src/rp2_common/pico_stdio_usb/stdio_usb.c.obj
 .text.stdio_usb_in_chars
                0x10005428       0x8c CMakeFiles/monitor_hidratacao.dir/pico-sdk/src/rp2_common/pico_stdio_usb/stdio_usb.c.obj
                0x10005428                stdio_usb_in_chars
 .text.stdio_usb_out_flush
                0x100054b4       0x4c CMakeFiles/monitor_hidratacao.dir/pico-sdk/src/rp2_common/pico_stdio_usb/stdio_usb.c.obj
 .text.stdio_usb_out_chars
                0x10005500       0xf8 CMakeFiles/monitor_hidratacao.dir/pico-sdk/src/rp2_common/pico_stdio_usb/stdio_usb.c.obj
 .text.low_priority_worker_irq
                0x100055f8       0xc4 CMakeFiles/monitor_hidratacao.dir/pico-sdk/src/rp2_common/pico_stdio_usb/stdio_usb.c.obj
 .text.stdio_usb_init
                0x100056bc       0xe4 CMakeFiles/monitor_hidratacao.dir/pico-sdk/src/rp2_common/pico_stdio_usb/stdio_usb.c.obj
                0x100056bc                stdio_usb_init
 .text.tud_descriptor_device_cb
                0x100057a0        0x8 CMakeFiles/monitor_hidratacao.dir/pico-sdk/src/rp2_common/pico_stdio_usb/stdio_usb_descriptors.c.obj
                0x100057a0                tud_descriptor_device_cb
 .text.tud_descriptor_configuration_cb
                0x100057a8        0x8 CMakeFiles/monitor_hidratacao.dir/pico-sdk/src/rp2_common/pico_stdio_usb/stdio_usb_descriptors.c.obj
                0x100057a8                tud_descriptor_configuration_cb
 .text.tud_descriptor_string_cb
                0x100057b0       0x70 CMakeFiles/monitor_hidratacao.dir/pico-sdk/src/rp2_common/pico_stdio_usb/stdio_usb_descriptors.c.obj
                0x100057b0                tud_descriptor_string_cb
 .text.startup._retrieve_unique_id_on_boot
                0x10005820       0x10 CMakeFiles/monitor_hidratacao.dir/pico-sdk/src/rp2_common/pico_unique_id/unique_id.c.obj
 .text.pico_get_unique_board_id
                0x10005830       0x10 CMakeFiles/monitor_hidratacao.dir/pico-sdk/src/rp2_common/pico_unique_id/unique_id.c.obj
                0x10005830                pico_get_unique_board_id
 .text.pico_get_unique_board_id_string
                0x10005840      0x1e0 CMakeFiles/monitor_hidratacao.dir/pico-sdk/src/rp2_common/pico_unique_id/unique_id.c.obj
                0x10005840                pico_get_unique_board_id_string
 .text.flash_get_unique_id
                0x10005a20       0x3c CMakeFiles/monitor_hidratacao.dir/pico-sdk/src/rp2_common/hardware_flash/flash.c.obj
                0x10005a20                flash_get_unique_id
 .text.dcd_init
                0x10005a5c       0x90 CMakeFiles/monitor_hidratacao.dir/pico-sdk/lib/tinyusb/src/portable/raspberrypi/rp2040/dcd_rp2040.c.obj
                0x10005a5c                dcd_init
 .text.dcd_int_enable
                0x10005aec        0xc CMakeFiles/monitor_hidratacao.dir/pico-sdk/lib/tinyusb/src/portable/raspberrypi/rp2040/dcd_rp2040.c.obj
                0x10005aec                dcd_int_enable
 .text.dcd_set_address
                0x10005af8       0x14 CMakeFiles/monitor_hidratacao.dir/pico-sdk/lib/tinyusb/src/portable/raspberrypi/rp2040/dcd_rp2040.c.obj
                0x10005af8                dcd_set_address
 .text.dcd_sof_enable
                0x10005b0c       0x1c CMakeFiles/monitor_hidratacao.dir/pico-sdk/lib/tinyusb/src/portable/raspberrypi/rp2040/dcd_rp2040.c.obj
                0x10005b0c                dcd_sof_enable
 .text.dcd_edpt0_status_complete
                0x10005b28       0x1c CMakeFiles/monitor_hidratacao.dir/pico-sdk/lib/tinyusb/src/portable/raspberrypi/rp2040/dcd_rp2040.c.obj
                0x10005b28                dcd_edpt0_status_complete
 .text.dcd_edpt_open
                0x10005b44      0x114 CMakeFiles/monitor_hidratacao.dir/pico-sdk/lib/tinyusb/src/portable/raspberrypi/rp2040/dcd_rp2040.c.obj
                0x10005b44                dcd_edpt_open
 .text.dcd_edpt_close_all
                0x10005c58        0x8 CMakeFiles/monitor_hidratacao.dir/pico-sdk/lib/tinyusb/src/portable/raspberrypi/rp2040/dcd_rp2040.c.obj
                0x10005c58                dcd_edpt_close_all
 .text.dcd_edpt_xfer
                0x10005c60       0x24 CMakeFiles/monitor_hidratacao.dir/pico-sdk/lib/tinyusb/src/portable/raspberrypi/rp2040/dcd_rp2040.c.obj
                0x10005c60                dcd_edpt_xfer
 .text.dcd_edpt_stall
                0x10005c84       0x3c CMakeFiles/monitor_hidratacao.dir/pico-sdk/lib/tinyusb/src/portable/raspberrypi/rp2040/dcd_rp2040.c.obj
                0x10005c84                dcd_edpt_stall
 .text.dcd_edpt_clear_stall
                0x10005cc0       0x30 CMakeFiles/monitor_hidratacao.dir/pico-sdk/lib/tinyusb/src/portable/raspberrypi/rp2040/dcd_rp2040.c.obj
                0x10005cc0                dcd_edpt_clear_stall
 .text.rp2040_usb_init
                0x10005cf0       0x40 CMakeFiles/monitor_hidratacao.dir/pico-sdk/lib/tinyusb/src/portable/raspberrypi/rp2040/rp2040_usb.c.obj
                0x10005cf0                rp2040_usb_init
 .text.hw_endpoint_xfer_start
                0x10005d30       0x40 CMakeFiles/monitor_hidratacao.dir/pico-sdk/lib/tinyusb/src/portable/raspberrypi/rp2040/rp2040_usb.c.obj
                0x10005d30                hw_endpoint_xfer_start
 .text.tud_event_hook_cb
                0x10005d70        0x4 CMakeFiles/monitor_hidratacao.dir/pico-sdk/lib/tinyusb/src/device/usbd.c.obj
                0x10005d70                tud_event_hook_cb
 .text.tud_sof_cb
                0x10005d74        0x4 CMakeFiles/monitor_hidratacao.dir/pico-sdk/lib/tinyusb/src/device/usbd.c.obj
                0x10005d74                tud_sof_cb
 .text.tud_descriptor_device_qualifier_cb
                0x10005d78        0x4 CMakeFiles/monitor_hidratacao.dir/pico-sdk/lib/tinyusb/src/device/usbd.c.obj
                0x10005d78                tud_descriptor_device_qualifier_cb
 .text.tud_descriptor_other_speed_configuration_cb
                0x10005d7c        0x4 CMakeFiles/monitor_hidratacao.dir/pico-sdk/lib/tinyusb/src/device/usbd.c.obj
                0x10005d7c                tud_descriptor_other_speed_configuration_cb
 .text.tud_mount_cb
                0x10005d80        0x4 CMakeFiles/monitor_hidratacao.dir/pico-sdk/lib/tinyusb/src/device/usbd.c.obj
                0x10005d80                tud_mount_cb
 .text.tud_umount_cb
                0x10005d84        0x4 CMakeFiles/monitor_hidratacao.dir/pico-sdk/lib/tinyusb/src/device/usbd.c.obj
                0x10005d84                tud_umount_cb
 .text.tud_suspend_cb
                0x10005d88        0x4 CMakeFiles/monitor_hidratacao.dir/pico-sdk/lib/tinyusb/src/device/usbd.c.obj
                0x10005d88                tud_suspend_cb
 .text.tud_resume_cb
                0x10005d8c        0x4 CMakeFiles/monitor_hidratacao.dir/pico-sdk/lib/tinyusb/src/device/usbd.c.obj
                0x10005d8c                tud_resume_cb
 .text.tud_mounted
                0x10005d90       0x10 CMakeFiles/monitor_hidratacao.dir/pico-sdk/lib/tinyusb/src/device/usbd.c.obj
                0x10005d90                tud_mounted
 .text.tud_suspended
                0x10005da0       0x10 CMakeFiles/monitor_hidratacao.dir/pico-sdk/lib/tinyusb/src/device/usbd.c.obj
                0x10005da0                tud_suspended
 .text.tud_rhport_init
                0x10005db0       0xf0 CMakeFiles/monitor_hidratacao.dir/pico-sdk/lib/tinyusb/src/device/usbd.c.obj
                0x10005db0                tud_rhport_init
 .text.tud_task_ext
                0x10005ea0      0x7fc CMakeFiles/monitor_hidratacao.dir/pico-sdk/lib/tinyusb/src/device/usbd.c.obj
                0x10005ea0                tud_task_ext
 .text.usbd_open_edpt_pair
                0x1000669c       0x98 CMakeFiles/monitor_hidratacao.dir/pico-sdk/lib/tinyusb/src/device/usbd.c.obj
                0x1000669c                usbd_open_edpt_pair
 .text.usbd_edpt_open
                0x10006734       0x34 CMakeFiles/monitor_hidratacao.dir/pico-sdk/lib/tinyusb/src/device/usbd.c.obj
                0x10006734                usbd_edpt_open
 .text.usbd_edpt_claim
                0x10006768       0x28 CMakeFiles/monitor_hidratacao.dir/pico-sdk/lib/tinyusb/src/device/usbd.c.obj
                0x10006768                usbd_edpt_claim
 .text.usbd_edpt_release
                0x10006790       0x28 CMakeFiles/monitor_hidratacao.dir/pico-sdk/lib/tinyusb/src/device/usbd.c.obj
                0x10006790                usbd_edpt_release
 .text.usbd_edpt_xfer
                0x100067b8       0x50 CMakeFiles/monitor_hidratacao.dir/pico-sdk/lib/tinyusb/src/device/usbd.c.obj
                0x100067b8                usbd_edpt_xfer
 .text.tud_control_status
                0x10006808       0x2c CMakeFiles/monitor_hidratacao.dir/pico-sdk/lib/tinyusb/src/device/usbd_control.c.obj
                0x10006808                tud_control_status
 .text.tud_control_xfer
                0x10006834       0xa0 CMakeFiles/monitor_hidratacao.dir/pico-sdk/lib/tinyusb/src/device/usbd_control.c.obj
                0x10006834                tud_control_xfer
 .text.usbd_control_reset
                0x100068d4       0x14 CMakeFiles/monitor_hidratacao.dir/pico-sdk/lib/tinyusb/src/device/usbd_control.c.obj
                0x100068d4                usbd_control_reset
 .text.usbd_control_set_complete_callback
                0x100068e8        0xc CMakeFiles/monitor_hidratacao.dir/pico-sdk/lib/tinyusb/src/device/usbd_control.c.obj
                0x100068e8                usbd_control_set_complete_callback
 .text.usbd_control_set_request
                0x100068f4       0x1c CMakeFiles/monitor_hidratacao.dir/pico-sdk/lib/tinyusb/src/device/usbd_control.c.obj
                0x100068f4                usbd_control_set_request
 .text.usbd_control_xfer_cb
                0x10006910       0xe8 CMakeFiles/monitor_hidratacao.dir/pico-sdk/lib/tinyusb/src/device/usbd_control.c.obj
                0x10006910                usbd_control_xfer_cb
 .text._prep_out_transaction.isra.0
                0x100069f8       0x6c CMakeFiles/monitor_hidratacao.dir/pico-sdk/lib/tinyusb/src/class/cdc/cdc_device.c.obj
 .text.tud_cdc_n_connected
                0x10006a64       0x2c CMakeFiles/monitor_hidratacao.dir/pico-sdk/lib/tinyusb/src/class/cdc/cdc_device.c.obj
                0x10006a64                tud_cdc_n_connected
 .text.tud_cdc_n_available
                0x10006a90       0x14 CMakeFiles/monitor_hidratacao.dir/pico-sdk/lib/tinyusb/src/class/cdc/cdc_device.c.obj
                0x10006a90                tud_cdc_n_available
 .text.tud_cdc_n_read
                0x10006aa4       0x88 CMakeFiles/monitor_hidratacao.dir/pico-sdk/lib/tinyusb/src/class/cdc/cdc_device.c.obj
                0x10006aa4                tud_cdc_n_read
 .text.tud_cdc_n_write_flush
                0x10006b2c       0x78 CMakeFiles/monitor_hidratacao.dir/pico-sdk/lib/tinyusb/src/class/cdc/cdc_device.c.obj
                0x10006b2c                tud_cdc_n_write_flush
 .text.tud_cdc_n_write
                0x10006ba4       0x40 CMakeFiles/monitor_hidratacao.dir/pico-sdk/lib/tinyusb/src/class/cdc/cdc_device.c.obj
                0x10006ba4                tud_cdc_n_write
 .text.tud_cdc_n_write_available
                0x10006be4       0x14 CMakeFiles/monitor_hidratacao.dir/pico-sdk/lib/tinyusb/src/class/cdc/cdc_device.c.obj
                0x10006be4                tud_cdc_n_write_available
 .text.cdcd_init
                0x10006bf8       0x70 CMakeFiles/monitor_hidratacao.dir/pico-sdk/lib/tinyusb/src/class/cdc/cdc_device.c.obj
                0x10006bf8                cdcd_init
 .text.cdcd_deinit
                0x10006c68       0x30 CMakeFiles/monitor_hidratacao.dir/pico-sdk/lib/tinyusb/src/class/cdc/cdc_device.c.obj
                0x10006c68                cdcd_deinit
 .text.cdcd_reset
                0x10006c98       0x48 CMakeFiles/monitor_hidratacao.dir/pico-sdk/lib/tinyusb/src/class/cdc/cdc_device.c.obj
                0x10006c98                cdcd_reset
 .text.cdcd_open
                0x10006ce0       0xa8 CMakeFiles/monitor_hidratacao.dir/pico-sdk/lib/tinyusb/src/class/cdc/cdc_device.c.obj
                0x10006ce0                cdcd_open
 .text.cdcd_control_xfer_cb
                0x10006d88       0xf0 CMakeFiles/monitor_hidratacao.dir/pico-sdk/lib/tinyusb/src/class/cdc/cdc_device.c.obj
                0x10006d88                cdcd_control_xfer_cb
 .text.cdcd_xfer_cb
                0x10006e78       0xf8 CMakeFiles/monitor_hidratacao.dir/pico-sdk/lib/tinyusb/src/class/cdc/cdc_device.c.obj
                0x10006e78                cdcd_xfer_cb
 .text.vendord_init
                0x10006f70       0x5c CMakeFiles/monitor_hidratacao.dir/pico-sdk/lib/tinyusb/src/class/vendor/vendor_device.c.obj
                0x10006f70                vendord_init
 .text.vendord_deinit
                0x10006fcc       0x1c CMakeFiles/monitor_hidratacao.dir/pico-sdk/lib/tinyusb/src/class/vendor/vendor_device.c.obj
                0x10006fcc                vendord_deinit
 .text.vendord_reset
                0x10006fe8       0x28 CMakeFiles/monitor_hidratacao.dir/pico-sdk/lib/tinyusb/src/class/vendor/vendor_device.c.obj
                0x10006fe8                vendord_reset
 .text.vendord_open
                0x10007010      0x104 CMakeFiles/monitor_hidratacao.dir/pico-sdk/lib/tinyusb/src/class/vendor/vendor_device.c.obj
                0x10007010                vendord_open
 .text.vendord_xfer_cb
                0x10007114       0xa0 CMakeFiles/monitor_hidratacao.dir/pico-sdk/lib/tinyusb/src/class/vendor/vendor_device.c.obj
                0x10007114                vendord_xfer_cb
 .text.tusb_rhport_init
                0x100071b4       0x4c CMakeFiles/monitor_hidratacao.dir/pico-sdk/lib/tinyusb/src/tusb.c.obj
                0x100071b4                tusb_rhport_init
 .text.tu_edpt_claim
                0x10007200       0x50 CMakeFiles/monitor_hidratacao.dir/pico-sdk/lib/tinyusb/src/tusb.c.obj
                0x10007200                tu_edpt_claim
 .text.tu_edpt_release
                0x10007250       0x38 CMakeFiles/monitor_hidratacao.dir/pico-sdk/lib/tinyusb/src/tusb.c.obj
                0x10007250                tu_edpt_release
 .text.tu_edpt_validate
                0x10007288       0x74 CMakeFiles/monitor_hidratacao.dir/pico-sdk/lib/tinyusb/src/tusb.c.obj
                0x10007288                tu_edpt_validate
 .text.tu_edpt_bind_driver
                0x100072fc       0x34 CMakeFiles/monitor_hidratacao.dir/pico-sdk/lib/tinyusb/src/tusb.c.obj
                0x100072fc                tu_edpt_bind_driver
 .text.tu_edpt_stream_init
                0x10007330       0x68 CMakeFiles/monitor_hidratacao.dir/pico-sdk/lib/tinyusb/src/tusb.c.obj
                0x10007330                tu_edpt_stream_init
 .text.tu_edpt_stream_deinit
                0x10007398        0x4 CMakeFiles/monitor_hidratacao.dir/pico-sdk/lib/tinyusb/src/tusb.c.obj
                0x10007398                tu_edpt_stream_deinit
 .text.tu_edpt_stream_write_zlp_if_needed
                0x1000739c       0x64 CMakeFiles/monitor_hidratacao.dir/pico-sdk/lib/tinyusb/src/tusb.c.obj
                0x1000739c                tu_edpt_stream_write_zlp_if_needed
 .text.tu_edpt_stream_write_xfer
                0x10007400       0x6c CMakeFiles/monitor_hidratacao.dir/pico-sdk/lib/tinyusb/src/tusb.c.obj
                0x10007400                tu_edpt_stream_write_xfer
 .text.tu_edpt_stream_read_xfer
                0x1000746c       0xd8 CMakeFiles/monitor_hidratacao.dir/pico-sdk/lib/tinyusb/src/tusb.c.obj
                0x1000746c                tu_edpt_stream_read_xfer
 .text.tu_fifo_config
                0x10007544       0x6c CMakeFiles/monitor_hidratacao.dir/pico-sdk/lib/tinyusb/src/common/tusb_fifo.c.obj
                0x10007544                tu_fifo_config
 .text.tu_fifo_count
                0x100075b0       0x2c CMakeFiles/monitor_hidratacao.dir/pico-sdk/lib/tinyusb/src/common/tusb_fifo.c.obj
                0x100075b0                tu_fifo_count
 .text.tu_fifo_empty
                0x100075dc       0x10 CMakeFiles/monitor_hidratacao.dir/pico-sdk/lib/tinyusb/src/common/tusb_fifo.c.obj
                0x100075dc                tu_fifo_empty
 .text.tu_fifo_remaining
                0x100075ec       0x2c CMakeFiles/monitor_hidratacao.dir/pico-sdk/lib/tinyusb/src/common/tusb_fifo.c.obj
                0x100075ec                tu_fifo_remaining
 .text.tu_fifo_read
                0x10007618       0x9c CMakeFiles/monitor_hidratacao.dir/pico-sdk/lib/tinyusb/src/common/tusb_fifo.c.obj
                0x10007618                tu_fifo_read
 .text.tu_fifo_read_n
                0x100076b4       0xec CMakeFiles/monitor_hidratacao.dir/pico-sdk/lib/tinyusb/src/common/tusb_fifo.c.obj
                0x100076b4                tu_fifo_read_n
 .text.tu_fifo_write
                0x100077a0       0xa4 CMakeFiles/monitor_hidratacao.dir/pico-sdk/lib/tinyusb/src/common/tusb_fifo.c.obj
                0x100077a0                tu_fifo_write
 .text.tu_fifo_write_n
                0x10007844      0x168 CMakeFiles/monitor_hidratacao.dir/pico-sdk/lib/tinyusb/src/common/tusb_fifo.c.obj
                0x10007844                tu_fifo_write_n
 .text.tu_fifo_clear
                0x100079ac       0x40 CMakeFiles/monitor_hidratacao.dir/pico-sdk/lib/tinyusb/src/common/tusb_fifo.c.obj
                0x100079ac                tu_fifo_clear
 .text.tu_fifo_set_overwritable
                0x100079ec       0x48 CMakeFiles/monitor_hidratacao.dir/pico-sdk/lib/tinyusb/src/common/tusb_fifo.c.obj
                0x100079ec                tu_fifo_set_overwritable
 .text.lwip_timeout_reached
                0x10007a34        0x8 CMakeFiles/monitor_hidratacao.dir/pico-sdk/src/rp2_common/pico_lwip/lwip_nosys.c.obj
 .text.update_next_timeout
                0x10007a3c       0x5c CMakeFiles/monitor_hidratacao.dir/pico-sdk/src/rp2_common/pico_lwip/lwip_nosys.c.obj
 .text.lwip_nosys_init
                0x10007a98       0x30 CMakeFiles/monitor_hidratacao.dir/pico-sdk/src/rp2_common/pico_lwip/lwip_nosys.c.obj
                0x10007a98                lwip_nosys_init
 .text.lwip_nosys_deinit
                0x10007ac8       0x20 CMakeFiles/monitor_hidratacao.dir/pico-sdk/src/rp2_common/pico_lwip/lwip_nosys.c.obj
                0x10007ac8                lwip_nosys_deinit
 .text.sys_arch_protect
                0x10007ae8        0x4 CMakeFiles/monitor_hidratacao.dir/pico-sdk/src/rp2_common/pico_lwip/lwip_nosys.c.obj
                0x10007ae8                sys_arch_protect
 .text.sys_arch_unprotect
                0x10007aec        0x4 CMakeFiles/monitor_hidratacao.dir/pico-sdk/src/rp2_common/pico_lwip/lwip_nosys.c.obj
                0x10007aec                sys_arch_unprotect
 .text.sys_now  0x10007af0       0x20 CMakeFiles/monitor_hidratacao.dir/pico-sdk/src/rp2_common/pico_lwip/lwip_nosys.c.obj
                0x10007af0                sys_now
 .text.async_context_base_add_at_time_worker
                0x10007b10       0x28 CMakeFiles/monitor_hidratacao.dir/pico-sdk/src/rp2_common/pico_async_context/async_context_base.c.obj
                0x10007b10                async_context_base_add_at_time_worker
 .text.async_context_base_remove_at_time_worker
                0x10007b38       0x24 CMakeFiles/monitor_hidratacao.dir/pico-sdk/src/rp2_common/pico_async_context/async_context_base.c.obj
                0x10007b38                async_context_base_remove_at_time_worker
 .text.async_context_base_add_when_pending_worker
                0x10007b5c       0x24 CMakeFiles/monitor_hidratacao.dir/pico-sdk/src/rp2_common/pico_async_context/async_context_base.c.obj
                0x10007b5c                async_context_base_add_when_pending_worker
 .text.async_context_base_remove_when_pending_worker
                0x10007b80       0x24 CMakeFiles/monitor_hidratacao.dir/pico-sdk/src/rp2_common/pico_async_context/async_context_base.c.obj
                0x10007b80                async_context_base_remove_when_pending_worker
 .text.async_context_base_execute_once
                0x10007ba4      0x10c CMakeFiles/monitor_hidratacao.dir/pico-sdk/src/rp2_common/pico_async_context/async_context_base.c.obj
                0x10007ba4                async_context_base_execute_once
 .text.splitmix64
                0x10007cb0       0x58 CMakeFiles/monitor_hidratacao.dir/pico-sdk/src/rp2_common/pico_rand/rand.c.obj
 .text.xoroshiro128ss
                0x10007d08       0x8c CMakeFiles/monitor_hidratacao.dir/pico-sdk/src/rp2_common/pico_rand/rand.c.obj
 .text.get_rand_64
                0x10007d94      0x490 CMakeFiles/monitor_hidratacao.dir/pico-sdk/src/rp2_common/pico_rand/rand.c.obj
                0x10007d94                get_rand_64
 .text.get_rand_32
                0x10008224        0x8 CMakeFiles/monitor_hidratacao.dir/pico-sdk/src/rp2_common/pico_rand/rand.c.obj
                0x10008224                get_rand_32
 .text.lwip_init
                0x1000822c       0x20 CMakeFiles/monitor_hidratacao.dir/pico-sdk/lib/lwip/src/core/init.c.obj
                0x1000822c                lwip_init
 .text.lwip_htons
                0x1000824c        0x8 CMakeFiles/monitor_hidratacao.dir/pico-sdk/lib/lwip/src/core/def.c.obj
                0x1000824c                lwip_htons
 .text.lwip_htonl
                0x10008254        0x4 CMakeFiles/monitor_hidratacao.dir/pico-sdk/lib/lwip/src/core/def.c.obj
                0x10008254                lwip_htonl
 .text.dns_call_found
                0x10008258      0x1bc CMakeFiles/monitor_hidratacao.dir/pico-sdk/lib/lwip/src/core/dns.c.obj
 .text.dns_send.isra.0
                0x10008414      0x164 CMakeFiles/monitor_hidratacao.dir/pico-sdk/lib/lwip/src/core/dns.c.obj
 .text.dns_init
                0x10008578        0x4 CMakeFiles/monitor_hidratacao.dir/pico-sdk/lib/lwip/src/core/dns.c.obj
                0x10008578                dns_init
 .text.dns_setserver
                0x1000857c       0x24 CMakeFiles/monitor_hidratacao.dir/pico-sdk/lib/lwip/src/core/dns.c.obj
                0x1000857c                dns_setserver
 .text.dns_tmr  0x100085a0      0x118 CMakeFiles/monitor_hidratacao.dir/pico-sdk/lib/lwip/src/core/dns.c.obj
                0x100085a0                dns_tmr
 .text.lwip_standard_chksum
                0x100086b8       0x80 CMakeFiles/monitor_hidratacao.dir/pico-sdk/lib/lwip/src/core/inet_chksum.c.obj
                0x100086b8                lwip_standard_chksum
 .text.inet_chksum_pseudo
                0x10008738       0xb4 CMakeFiles/monitor_hidratacao.dir/pico-sdk/lib/lwip/src/core/inet_chksum.c.obj
                0x10008738                inet_chksum_pseudo
 .text.ip_chksum_pseudo
                0x100087ec       0x10 CMakeFiles/monitor_hidratacao.dir/pico-sdk/lib/lwip/src/core/inet_chksum.c.obj
                0x100087ec                ip_chksum_pseudo
 .text.inet_chksum
                0x100087fc       0x84 CMakeFiles/monitor_hidratacao.dir/pico-sdk/lib/lwip/src/core/inet_chksum.c.obj
                0x100087fc                inet_chksum
 .text.inet_chksum_pbuf
                0x10008880       0x70 CMakeFiles/monitor_hidratacao.dir/pico-sdk/lib/lwip/src/core/inet_chksum.c.obj
                0x10008880                inet_chksum_pbuf
 .text.mem_init
                0x100088f0       0x3c CMakeFiles/monitor_hidratacao.dir/pico-sdk/lib/lwip/src/core/mem.c.obj
                0x100088f0                mem_init
 .text.mem_free
                0x1000892c      0x130 CMakeFiles/monitor_hidratacao.dir/pico-sdk/lib/lwip/src/core/mem.c.obj
                0x1000892c                mem_free
 .text.mem_trim
                0x10008a5c      0x118 CMakeFiles/monitor_hidratacao.dir/pico-sdk/lib/lwip/src/core/mem.c.obj
                0x10008a5c                mem_trim
 .text.mem_malloc
                0x10008b74      0x124 CMakeFiles/monitor_hidratacao.dir/pico-sdk/lib/lwip/src/core/mem.c.obj
                0x10008b74                mem_malloc
 .text.mem_calloc
                0x10008c98       0x28 CMakeFiles/monitor_hidratacao.dir/pico-sdk/lib/lwip/src/core/mem.c.obj
                0x10008c98                mem_calloc
 .text.memp_init
                0x10008cc0       0x68 CMakeFiles/monitor_hidratacao.dir/pico-sdk/lib/lwip/src/core/memp.c.obj
                0x10008cc0                memp_init
 .text.memp_malloc
                0x10008d28       0x4c CMakeFiles/monitor_hidratacao.dir/pico-sdk/lib/lwip/src/core/memp.c.obj
                0x10008d28                memp_malloc
 .text.memp_free
                0x10008d74       0x44 CMakeFiles/monitor_hidratacao.dir/pico-sdk/lib/lwip/src/core/memp.c.obj
                0x10008d74                memp_free
 .text.netif_null_output_ip4
                0x10008db8        0x8 CMakeFiles/monitor_hidratacao.dir/pico-sdk/lib/lwip/src/core/netif.c.obj
 .text.netif_init
                0x10008dc0        0x4 CMakeFiles/monitor_hidratacao.dir/pico-sdk/lib/lwip/src/core/netif.c.obj
                0x10008dc0                netif_init
 .text.netif_add
                0x10008dc4      0x1b8 CMakeFiles/monitor_hidratacao.dir/pico-sdk/lib/lwip/src/core/netif.c.obj
                0x10008dc4                netif_add
 .text.netif_set_addr
                0x10008f7c       0xd0 CMakeFiles/monitor_hidratacao.dir/pico-sdk/lib/lwip/src/core/netif.c.obj
                0x10008f7c                netif_set_addr
 .text.netif_remove
                0x1000904c       0x90 CMakeFiles/monitor_hidratacao.dir/pico-sdk/lib/lwip/src/core/netif.c.obj
                0x1000904c                netif_remove
 .text.netif_set_default
                0x100090dc        0xc CMakeFiles/monitor_hidratacao.dir/pico-sdk/lib/lwip/src/core/netif.c.obj
                0x100090dc                netif_set_default
 .text.netif_set_up
                0x100090e8       0x2c CMakeFiles/monitor_hidratacao.dir/pico-sdk/lib/lwip/src/core/netif.c.obj
                0x100090e8                netif_set_up
 .text.netif_set_link_up
                0x10009114       0x34 CMakeFiles/monitor_hidratacao.dir/pico-sdk/lib/lwip/src/core/netif.c.obj
                0x10009114                netif_set_link_up
 .text.netif_set_link_down
                0x10009148       0x34 CMakeFiles/monitor_hidratacao.dir/pico-sdk/lib/lwip/src/core/netif.c.obj
                0x10009148                netif_set_link_down
 .text.netif_get_by_index
                0x1000917c       0x2c CMakeFiles/monitor_hidratacao.dir/pico-sdk/lib/lwip/src/core/netif.c.obj
                0x1000917c                netif_get_by_index
 .text.pbuf_free.part.0
                0x100091a8       0xa4 CMakeFiles/monitor_hidratacao.dir/pico-sdk/lib/lwip/src/core/pbuf.c.obj
 .text.pbuf_free_ooseq
                0x1000924c       0x34 CMakeFiles/monitor_hidratacao.dir/pico-sdk/lib/lwip/src/core/pbuf.c.obj
                0x1000924c                pbuf_free_ooseq
 .text.pbuf_alloc
                0x10009280      0x120 CMakeFiles/monitor_hidratacao.dir/pico-sdk/lib/lwip/src/core/pbuf.c.obj
                0x10009280                pbuf_alloc
 .text.pbuf_alloced_custom
                0x100093a0       0x3c CMakeFiles/monitor_hidratacao.dir/pico-sdk/lib/lwip/src/core/pbuf.c.obj
                0x100093a0                pbuf_alloced_custom
 .text.pbuf_realloc
                0x100093dc       0x8c CMakeFiles/monitor_hidratacao.dir/pico-sdk/lib/lwip/src/core/pbuf.c.obj
                0x100093dc                pbuf_realloc
 .text.pbuf_add_header
                0x10009468       0x60 CMakeFiles/monitor_hidratacao.dir/pico-sdk/lib/lwip/src/core/pbuf.c.obj
                0x10009468                pbuf_add_header
 .text.pbuf_remove_header
                0x100094c8       0x48 CMakeFiles/monitor_hidratacao.dir/pico-sdk/lib/lwip/src/core/pbuf.c.obj
                0x100094c8                pbuf_remove_header
 .text.pbuf_header_force
                0x10009510       0x78 CMakeFiles/monitor_hidratacao.dir/pico-sdk/lib/lwip/src/core/pbuf.c.obj
                0x10009510                pbuf_header_force
 .text.pbuf_free
                0x10009588       0x18 CMakeFiles/monitor_hidratacao.dir/pico-sdk/lib/lwip/src/core/pbuf.c.obj
                0x10009588                pbuf_free
 .text.pbuf_clen
                0x100095a0       0x14 CMakeFiles/monitor_hidratacao.dir/pico-sdk/lib/lwip/src/core/pbuf.c.obj
                0x100095a0                pbuf_clen
 .text.pbuf_ref
                0x100095b4       0x28 CMakeFiles/monitor_hidratacao.dir/pico-sdk/lib/lwip/src/core/pbuf.c.obj
                0x100095b4                pbuf_ref
 .text.pbuf_cat
                0x100095dc       0x60 CMakeFiles/monitor_hidratacao.dir/pico-sdk/lib/lwip/src/core/pbuf.c.obj
                0x100095dc                pbuf_cat
 .text.pbuf_chain
                0x1000963c       0x84 CMakeFiles/monitor_hidratacao.dir/pico-sdk/lib/lwip/src/core/pbuf.c.obj
                0x1000963c                pbuf_chain
 .text.pbuf_copy_partial_pbuf
                0x100096c0      0x18c CMakeFiles/monitor_hidratacao.dir/pico-sdk/lib/lwip/src/core/pbuf.c.obj
                0x100096c0                pbuf_copy_partial_pbuf
 .text.pbuf_copy
                0x1000984c       0x20 CMakeFiles/monitor_hidratacao.dir/pico-sdk/lib/lwip/src/core/pbuf.c.obj
                0x1000984c                pbuf_copy
 .text.pbuf_copy_partial
                0x1000986c       0x8c CMakeFiles/monitor_hidratacao.dir/pico-sdk/lib/lwip/src/core/pbuf.c.obj
                0x1000986c                pbuf_copy_partial
 .text.pbuf_get_contiguous
                0x100098f8       0xc8 CMakeFiles/monitor_hidratacao.dir/pico-sdk/lib/lwip/src/core/pbuf.c.obj
                0x100098f8                pbuf_get_contiguous
 .text.pbuf_take
                0x100099c0       0x98 CMakeFiles/monitor_hidratacao.dir/pico-sdk/lib/lwip/src/core/pbuf.c.obj
                0x100099c0                pbuf_take
 .text.pbuf_take_at
                0x10009a58       0xd4 CMakeFiles/monitor_hidratacao.dir/pico-sdk/lib/lwip/src/core/pbuf.c.obj
                0x10009a58                pbuf_take_at
 .text.pbuf_clone
                0x10009b2c       0x30 CMakeFiles/monitor_hidratacao.dir/pico-sdk/lib/lwip/src/core/pbuf.c.obj
                0x10009b2c                pbuf_clone
 .text.pbuf_get_at
                0x10009b5c       0x1c CMakeFiles/monitor_hidratacao.dir/pico-sdk/lib/lwip/src/core/pbuf.c.obj
                0x10009b5c                pbuf_get_at
 .text.pbuf_put_at
                0x10009b78       0x1c CMakeFiles/monitor_hidratacao.dir/pico-sdk/lib/lwip/src/core/pbuf.c.obj
                0x10009b78                pbuf_put_at
 .text.raw_input
                0x10009b94      0x148 CMakeFiles/monitor_hidratacao.dir/pico-sdk/lib/lwip/src/core/raw.c.obj
                0x10009b94                raw_input
 .text.raw_netif_ip_addr_changed
                0x10009cdc       0x40 CMakeFiles/monitor_hidratacao.dir/pico-sdk/lib/lwip/src/core/raw.c.obj
                0x10009cdc                raw_netif_ip_addr_changed
 .text.tcp_close_shutdown_fin
                0x10009d1c       0x54 CMakeFiles/monitor_hidratacao.dir/pico-sdk/lib/lwip/src/core/tcp.c.obj
 .text.tcp_pcb_purge.part.0
                0x10009d70       0xc4 CMakeFiles/monitor_hidratacao.dir/pico-sdk/lib/lwip/src/core/tcp.c.obj
 .text.tcp_init
                0x10009e34       0x1c CMakeFiles/monitor_hidratacao.dir/pico-sdk/lib/lwip/src/core/tcp.c.obj
                0x10009e34                tcp_init
 .text.tcp_free
                0x10009e50       0x1c CMakeFiles/monitor_hidratacao.dir/pico-sdk/lib/lwip/src/core/tcp.c.obj
                0x10009e50                tcp_free
 .text.tcp_bind
                0x10009e6c      0x10c CMakeFiles/monitor_hidratacao.dir/pico-sdk/lib/lwip/src/core/tcp.c.obj
                0x10009e6c                tcp_bind
 .text.tcp_update_rcv_ann_wnd
                0x10009f78       0x60 CMakeFiles/monitor_hidratacao.dir/pico-sdk/lib/lwip/src/core/tcp.c.obj
                0x10009f78                tcp_update_rcv_ann_wnd
 .text.tcp_recved
                0x10009fd8       0xa8 CMakeFiles/monitor_hidratacao.dir/pico-sdk/lib/lwip/src/core/tcp.c.obj
                0x10009fd8                tcp_recved
 .text.tcp_connect
                0x1000a080      0x1c0 CMakeFiles/monitor_hidratacao.dir/pico-sdk/lib/lwip/src/core/tcp.c.obj
                0x1000a080                tcp_connect
 .text.tcp_slowtmr
                0x1000a240      0x508 CMakeFiles/monitor_hidratacao.dir/pico-sdk/lib/lwip/src/core/tcp.c.obj
                0x1000a240                tcp_slowtmr
 .text.tcp_segs_free
                0x1000a748       0x38 CMakeFiles/monitor_hidratacao.dir/pico-sdk/lib/lwip/src/core/tcp.c.obj
                0x1000a748                tcp_segs_free
 .text.tcp_seg_free
                0x1000a780       0x1c CMakeFiles/monitor_hidratacao.dir/pico-sdk/lib/lwip/src/core/tcp.c.obj
                0x1000a780                tcp_seg_free
 .text.tcp_seg_copy
                0x1000a79c       0x2c CMakeFiles/monitor_hidratacao.dir/pico-sdk/lib/lwip/src/core/tcp.c.obj
                0x1000a79c                tcp_seg_copy
 .text.tcp_arg  0x1000a7c8        0x8 CMakeFiles/monitor_hidratacao.dir/pico-sdk/lib/lwip/src/core/tcp.c.obj
                0x1000a7c8                tcp_arg
 .text.tcp_recv
                0x1000a7d0       0x1c CMakeFiles/monitor_hidratacao.dir/pico-sdk/lib/lwip/src/core/tcp.c.obj
                0x1000a7d0                tcp_recv
 .text.tcp_sent
                0x1000a7ec       0x1c CMakeFiles/monitor_hidratacao.dir/pico-sdk/lib/lwip/src/core/tcp.c.obj
                0x1000a7ec                tcp_sent
 .text.tcp_err  0x1000a808       0x1c CMakeFiles/monitor_hidratacao.dir/pico-sdk/lib/lwip/src/core/tcp.c.obj
                0x1000a808                tcp_err
 .text.tcp_poll
                0x1000a824       0x2c CMakeFiles/monitor_hidratacao.dir/pico-sdk/lib/lwip/src/core/tcp.c.obj
                0x1000a824                tcp_poll
 .text.tcp_pcb_purge
                0x1000a850       0x24 CMakeFiles/monitor_hidratacao.dir/pico-sdk/lib/lwip/src/core/tcp.c.obj
                0x1000a850                tcp_pcb_purge
 .text.tcp_pcb_remove
                0x1000a874       0xc8 CMakeFiles/monitor_hidratacao.dir/pico-sdk/lib/lwip/src/core/tcp.c.obj
                0x1000a874                tcp_pcb_remove
 .text.tcp_abandon
                0x1000a93c      0x1ac CMakeFiles/monitor_hidratacao.dir/pico-sdk/lib/lwip/src/core/tcp.c.obj
                0x1000a93c                tcp_abandon
 .text.tcp_abort
                0x1000aae8        0xc CMakeFiles/monitor_hidratacao.dir/pico-sdk/lib/lwip/src/core/tcp.c.obj
                0x1000aae8                tcp_abort
 .text.tcp_alloc
                0x1000aaf4      0x1cc CMakeFiles/monitor_hidratacao.dir/pico-sdk/lib/lwip/src/core/tcp.c.obj
                0x1000aaf4                tcp_alloc
 .text.tcp_new_ip_type
                0x1000acc0        0xc CMakeFiles/monitor_hidratacao.dir/pico-sdk/lib/lwip/src/core/tcp.c.obj
                0x1000acc0                tcp_new_ip_type
 .text.tcp_close_shutdown
                0x1000accc      0x188 CMakeFiles/monitor_hidratacao.dir/pico-sdk/lib/lwip/src/core/tcp.c.obj
 .text.tcp_recv_null
                0x1000ae54       0xd8 CMakeFiles/monitor_hidratacao.dir/pico-sdk/lib/lwip/src/core/tcp.c.obj
                0x1000ae54                tcp_recv_null
 .text.tcp_process_refused_data
                0x1000af2c       0x84 CMakeFiles/monitor_hidratacao.dir/pico-sdk/lib/lwip/src/core/tcp.c.obj
                0x1000af2c                tcp_process_refused_data
 .text.tcp_fasttmr
                0x1000afb0       0x98 CMakeFiles/monitor_hidratacao.dir/pico-sdk/lib/lwip/src/core/tcp.c.obj
                0x1000afb0                tcp_fasttmr
 .text.tcp_tmr  0x1000b048       0x20 CMakeFiles/monitor_hidratacao.dir/pico-sdk/lib/lwip/src/core/tcp.c.obj
                0x1000b048                tcp_tmr
 .text.tcp_close
                0x1000b068      0x17c CMakeFiles/monitor_hidratacao.dir/pico-sdk/lib/lwip/src/core/tcp.c.obj
                0x1000b068                tcp_close
 .text.tcp_next_iss
                0x1000b1e4       0x28 CMakeFiles/monitor_hidratacao.dir/pico-sdk/lib/lwip/src/core/tcp.c.obj
                0x1000b1e4                tcp_next_iss
 .text.tcp_eff_send_mss_netif
                0x1000b20c       0x34 CMakeFiles/monitor_hidratacao.dir/pico-sdk/lib/lwip/src/core/tcp.c.obj
                0x1000b20c                tcp_eff_send_mss_netif
 .text.tcp_netif_ip_addr_changed
                0x1000b240       0x94 CMakeFiles/monitor_hidratacao.dir/pico-sdk/lib/lwip/src/core/tcp.c.obj
                0x1000b240                tcp_netif_ip_addr_changed
 .text.tcp_free_ooseq
                0x1000b2d4       0x40 CMakeFiles/monitor_hidratacao.dir/pico-sdk/lib/lwip/src/core/tcp.c.obj
                0x1000b2d4                tcp_free_ooseq
 .text.tcp_parseopt
                0x1000b314      0x1c0 CMakeFiles/monitor_hidratacao.dir/pico-sdk/lib/lwip/src/core/tcp_in.c.obj
 .text.tcp_oos_insert_segment
                0x1000b4d4       0xb8 CMakeFiles/monitor_hidratacao.dir/pico-sdk/lib/lwip/src/core/tcp_in.c.obj
 .text.tcp_free_acked_segments.isra.0
                0x1000b58c       0xd8 CMakeFiles/monitor_hidratacao.dir/pico-sdk/lib/lwip/src/core/tcp_in.c.obj
 .text.tcp_receive
                0x1000b664      0x9b4 CMakeFiles/monitor_hidratacao.dir/pico-sdk/lib/lwip/src/core/tcp_in.c.obj
 .text.tcp_input
                0x1000c018      0xcb0 CMakeFiles/monitor_hidratacao.dir/pico-sdk/lib/lwip/src/core/tcp_in.c.obj
                0x1000c018                tcp_input
 .text.tcp_trigger_input_pcb_close
                0x1000ccc8       0x10 CMakeFiles/monitor_hidratacao.dir/pico-sdk/lib/lwip/src/core/tcp_in.c.obj
                0x1000ccc8                tcp_trigger_input_pcb_close
 .text.tcp_create_segment
                0x1000ccd8       0xe0 CMakeFiles/monitor_hidratacao.dir/pico-sdk/lib/lwip/src/core/tcp_out.c.obj
 .text.tcp_output_control_segment
                0x1000cdb8       0xa0 CMakeFiles/monitor_hidratacao.dir/pico-sdk/lib/lwip/src/core/tcp_out.c.obj
 .text.tcp_write
                0x1000ce58      0x8c4 CMakeFiles/monitor_hidratacao.dir/pico-sdk/lib/lwip/src/core/tcp_out.c.obj
                0x1000ce58                tcp_write
 .text.tcp_split_unsent_seg
                0x1000d71c      0x198 CMakeFiles/monitor_hidratacao.dir/pico-sdk/lib/lwip/src/core/tcp_out.c.obj
                0x1000d71c                tcp_split_unsent_seg
 .text.tcp_send_fin
                0x1000d8b4      0x108 CMakeFiles/monitor_hidratacao.dir/pico-sdk/lib/lwip/src/core/tcp_out.c.obj
                0x1000d8b4                tcp_send_fin
 .text.tcp_enqueue_flags
                0x1000d9bc      0x110 CMakeFiles/monitor_hidratacao.dir/pico-sdk/lib/lwip/src/core/tcp_out.c.obj
                0x1000d9bc                tcp_enqueue_flags
 .text.tcp_rexmit_rto_prepare
                0x1000dacc       0xa8 CMakeFiles/monitor_hidratacao.dir/pico-sdk/lib/lwip/src/core/tcp_out.c.obj
                0x1000dacc                tcp_rexmit_rto_prepare
 .text.tcp_rexmit
                0x1000db74       0x9c CMakeFiles/monitor_hidratacao.dir/pico-sdk/lib/lwip/src/core/tcp_out.c.obj
                0x1000db74                tcp_rexmit
 .text.tcp_rexmit_fast
                0x1000dc10       0x60 CMakeFiles/monitor_hidratacao.dir/pico-sdk/lib/lwip/src/core/tcp_out.c.obj
                0x1000dc10                tcp_rexmit_fast
 .text.tcp_rst  0x1000dc70       0xe8 CMakeFiles/monitor_hidratacao.dir/pico-sdk/lib/lwip/src/core/tcp_out.c.obj
                0x1000dc70                tcp_rst
 .text.tcp_rst_netif
                0x1000dd58      0x118 CMakeFiles/monitor_hidratacao.dir/pico-sdk/lib/lwip/src/core/tcp_out.c.obj
                0x1000dd58                tcp_rst_netif
 .text.tcp_send_empty_ack
                0x1000de70       0xf4 CMakeFiles/monitor_hidratacao.dir/pico-sdk/lib/lwip/src/core/tcp_out.c.obj
                0x1000de70                tcp_send_empty_ack
 .text.tcp_output
                0x1000df64      0x430 CMakeFiles/monitor_hidratacao.dir/pico-sdk/lib/lwip/src/core/tcp_out.c.obj
                0x1000df64                tcp_output
 .text.tcp_rexmit_rto_commit
                0x1000e394       0x24 CMakeFiles/monitor_hidratacao.dir/pico-sdk/lib/lwip/src/core/tcp_out.c.obj
                0x1000e394                tcp_rexmit_rto_commit
 .text.tcp_rexmit_rto
                0x1000e3b8       0xb4 CMakeFiles/monitor_hidratacao.dir/pico-sdk/lib/lwip/src/core/tcp_out.c.obj
                0x1000e3b8                tcp_rexmit_rto
 .text.tcp_keepalive
                0x1000e46c       0xdc CMakeFiles/monitor_hidratacao.dir/pico-sdk/lib/lwip/src/core/tcp_out.c.obj
                0x1000e46c                tcp_keepalive
 .text.tcp_zero_window_probe
                0x1000e548      0x198 CMakeFiles/monitor_hidratacao.dir/pico-sdk/lib/lwip/src/core/tcp_out.c.obj
                0x1000e548                tcp_zero_window_probe
 .text.tcpip_tcp_timer
                0x1000e6e0       0x7c CMakeFiles/monitor_hidratacao.dir/pico-sdk/lib/lwip/src/core/timeouts.c.obj
 .text.lwip_cyclic_timer
                0x1000e75c       0xa8 CMakeFiles/monitor_hidratacao.dir/pico-sdk/lib/lwip/src/core/timeouts.c.obj
 .text.tcp_timer_needed
                0x1000e804       0x80 CMakeFiles/monitor_hidratacao.dir/pico-sdk/lib/lwip/src/core/timeouts.c.obj
                0x1000e804                tcp_timer_needed
 .text.sys_timeouts_init
                0x1000e884       0x94 CMakeFiles/monitor_hidratacao.dir/pico-sdk/lib/lwip/src/core/timeouts.c.obj
                0x1000e884                sys_timeouts_init
 .text.sys_timeout
                0x1000e918       0x64 CMakeFiles/monitor_hidratacao.dir/pico-sdk/lib/lwip/src/core/timeouts.c.obj
                0x1000e918                sys_timeout
 .text.sys_untimeout
                0x1000e97c       0x44 CMakeFiles/monitor_hidratacao.dir/pico-sdk/lib/lwip/src/core/timeouts.c.obj
                0x1000e97c                sys_untimeout
 .text.sys_check_timeouts
                0x1000e9c0       0x68 CMakeFiles/monitor_hidratacao.dir/pico-sdk/lib/lwip/src/core/timeouts.c.obj
                0x1000e9c0                sys_check_timeouts
 .text.sys_timeouts_sleeptime
                0x1000ea28       0x28 CMakeFiles/monitor_hidratacao.dir/pico-sdk/lib/lwip/src/core/timeouts.c.obj
                0x1000ea28                sys_timeouts_sleeptime
 .text.udp_init
                0x1000ea50       0x1c CMakeFiles/monitor_hidratacao.dir/pico-sdk/lib/lwip/src/core/udp.c.obj
                0x1000ea50                udp_init
 .text.udp_input
                0x1000ea6c      0x2b0 CMakeFiles/monitor_hidratacao.dir/pico-sdk/lib/lwip/src/core/udp.c.obj
                0x1000ea6c                udp_input
 .text.udp_bind
                0x1000ed1c       0xfc CMakeFiles/monitor_hidratacao.dir/pico-sdk/lib/lwip/src/core/udp.c.obj
                0x1000ed1c                udp_bind
 .text.udp_sendto_if_src
                0x1000ee18      0x15c CMakeFiles/monitor_hidratacao.dir/pico-sdk/lib/lwip/src/core/udp.c.obj
                0x1000ee18                udp_sendto_if_src
 .text.udp_sendto_if
                0x1000ef74       0x84 CMakeFiles/monitor_hidratacao.dir/pico-sdk/lib/lwip/src/core/udp.c.obj
                0x1000ef74                udp_sendto_if
 .text.udp_sendto
                0x1000eff8       0x8c CMakeFiles/monitor_hidratacao.dir/pico-sdk/lib/lwip/src/core/udp.c.obj
                0x1000eff8                udp_sendto
 .text.udp_connect
                0x1000f084       0x70 CMakeFiles/monitor_hidratacao.dir/pico-sdk/lib/lwip/src/core/udp.c.obj
                0x1000f084                udp_connect
 .text.udp_recv
                0x1000f0f4       0x18 CMakeFiles/monitor_hidratacao.dir/pico-sdk/lib/lwip/src/core/udp.c.obj
                0x1000f0f4                udp_recv
 .text.udp_remove
                0x1000f10c       0x44 CMakeFiles/monitor_hidratacao.dir/pico-sdk/lib/lwip/src/core/udp.c.obj
                0x1000f10c                udp_remove
 .text.udp_new  0x1000f150       0x1c CMakeFiles/monitor_hidratacao.dir/pico-sdk/lib/lwip/src/core/udp.c.obj
                0x1000f150                udp_new
 .text.udp_netif_ip_addr_changed
                0x1000f16c       0x40 CMakeFiles/monitor_hidratacao.dir/pico-sdk/lib/lwip/src/core/udp.c.obj
                0x1000f16c                udp_netif_ip_addr_changed
 .text.dhcp_create_msg
                0x1000f1ac      0x178 CMakeFiles/monitor_hidratacao.dir/pico-sdk/lib/lwip/src/core/ipv4/dhcp.c.obj
 .text.dhcp_bind
                0x1000f324      0x150 CMakeFiles/monitor_hidratacao.dir/pico-sdk/lib/lwip/src/core/ipv4/dhcp.c.obj
 .text.dhcp_inc_pcb_refcount
                0x1000f474       0x6c CMakeFiles/monitor_hidratacao.dir/pico-sdk/lib/lwip/src/core/ipv4/dhcp.c.obj
 .text.dhcp_option_hostname.isra.0
                0x1000f4e0       0x74 CMakeFiles/monitor_hidratacao.dir/pico-sdk/lib/lwip/src/core/ipv4/dhcp.c.obj
 .text.dhcp_handle_ack.isra.0
                0x1000f554       0xbc CMakeFiles/monitor_hidratacao.dir/pico-sdk/lib/lwip/src/core/ipv4/dhcp.c.obj
 .text.dhcp_discover.isra.0
                0x1000f610      0x138 CMakeFiles/monitor_hidratacao.dir/pico-sdk/lib/lwip/src/core/ipv4/dhcp.c.obj
 .text.dhcp_reboot.isra.0
                0x1000f748      0x16c CMakeFiles/monitor_hidratacao.dir/pico-sdk/lib/lwip/src/core/ipv4/dhcp.c.obj
 .text.dhcp_select.isra.0
                0x1000f8b4      0x1e8 CMakeFiles/monitor_hidratacao.dir/pico-sdk/lib/lwip/src/core/ipv4/dhcp.c.obj
 .text.dhcp_recv
                0x1000fa9c      0x488 CMakeFiles/monitor_hidratacao.dir/pico-sdk/lib/lwip/src/core/ipv4/dhcp.c.obj
 .text.dhcp_conflict_callback
                0x1000ff24      0x124 CMakeFiles/monitor_hidratacao.dir/pico-sdk/lib/lwip/src/core/ipv4/dhcp.c.obj
 .text.dhcp_set_struct
                0x10010048       0x44 CMakeFiles/monitor_hidratacao.dir/pico-sdk/lib/lwip/src/core/ipv4/dhcp.c.obj
                0x10010048                dhcp_set_struct
 .text.dhcp_start
                0x1001008c       0xcc CMakeFiles/monitor_hidratacao.dir/pico-sdk/lib/lwip/src/core/ipv4/dhcp.c.obj
                0x1001008c                dhcp_start
 .text.dhcp_network_changed_link_up
                0x10010158       0x40 CMakeFiles/monitor_hidratacao.dir/pico-sdk/lib/lwip/src/core/ipv4/dhcp.c.obj
                0x10010158                dhcp_network_changed_link_up
 .text.dhcp_renew
                0x10010198      0x130 CMakeFiles/monitor_hidratacao.dir/pico-sdk/lib/lwip/src/core/ipv4/dhcp.c.obj
                0x10010198                dhcp_renew
 .text.dhcp_release_and_stop
                0x100102c8      0x158 CMakeFiles/monitor_hidratacao.dir/pico-sdk/lib/lwip/src/core/ipv4/dhcp.c.obj
                0x100102c8                dhcp_release_and_stop
 .text.dhcp_coarse_tmr
                0x10010420      0x1cc CMakeFiles/monitor_hidratacao.dir/pico-sdk/lib/lwip/src/core/ipv4/dhcp.c.obj
                0x10010420                dhcp_coarse_tmr
 .text.dhcp_fine_tmr
                0x100105ec       0x78 CMakeFiles/monitor_hidratacao.dir/pico-sdk/lib/lwip/src/core/ipv4/dhcp.c.obj
                0x100105ec                dhcp_fine_tmr
 .text.dhcp_stop
                0x10010664        0x8 CMakeFiles/monitor_hidratacao.dir/pico-sdk/lib/lwip/src/core/ipv4/dhcp.c.obj
                0x10010664                dhcp_stop
 .text.etharp_find_entry
                0x1001066c      0x3d4 CMakeFiles/monitor_hidratacao.dir/pico-sdk/lib/lwip/src/core/ipv4/etharp.c.obj
 .text.etharp_raw
                0x10010a40       0xd8 CMakeFiles/monitor_hidratacao.dir/pico-sdk/lib/lwip/src/core/ipv4/etharp.c.obj
 .text.etharp_output_to_arp_index
                0x10010b18       0xc4 CMakeFiles/monitor_hidratacao.dir/pico-sdk/lib/lwip/src/core/ipv4/etharp.c.obj
 .text.etharp_tmr
                0x10010bdc       0xa4 CMakeFiles/monitor_hidratacao.dir/pico-sdk/lib/lwip/src/core/ipv4/etharp.c.obj
                0x10010bdc                etharp_tmr
 .text.etharp_cleanup_netif
                0x10010c80      0x270 CMakeFiles/monitor_hidratacao.dir/pico-sdk/lib/lwip/src/core/ipv4/etharp.c.obj
                0x10010c80                etharp_cleanup_netif
 .text.etharp_input
                0x10010ef0      0x18c CMakeFiles/monitor_hidratacao.dir/pico-sdk/lib/lwip/src/core/ipv4/etharp.c.obj
                0x10010ef0                etharp_input
 .text.etharp_query
                0x1001107c      0x178 CMakeFiles/monitor_hidratacao.dir/pico-sdk/lib/lwip/src/core/ipv4/etharp.c.obj
                0x1001107c                etharp_query
 .text.etharp_output
                0x100111f4      0x234 CMakeFiles/monitor_hidratacao.dir/pico-sdk/lib/lwip/src/core/ipv4/etharp.c.obj
                0x100111f4                etharp_output
 .text.etharp_acd_probe
                0x10011428       0xe0 CMakeFiles/monitor_hidratacao.dir/pico-sdk/lib/lwip/src/core/ipv4/etharp.c.obj
                0x10011428                etharp_acd_probe
 .text.etharp_acd_announce
                0x10011508       0xdc CMakeFiles/monitor_hidratacao.dir/pico-sdk/lib/lwip/src/core/ipv4/etharp.c.obj
                0x10011508                etharp_acd_announce
 .text.icmp_input
                0x100115e4      0x178 CMakeFiles/monitor_hidratacao.dir/pico-sdk/lib/lwip/src/core/ipv4/icmp.c.obj
                0x100115e4                icmp_input
 .text.icmp_dest_unreach
                0x1001175c       0xb8 CMakeFiles/monitor_hidratacao.dir/pico-sdk/lib/lwip/src/core/ipv4/icmp.c.obj
                0x1001175c                icmp_dest_unreach
 .text.icmp_time_exceeded
                0x10011814       0xb8 CMakeFiles/monitor_hidratacao.dir/pico-sdk/lib/lwip/src/core/ipv4/icmp.c.obj
                0x10011814                icmp_time_exceeded
 .text.ipfrag_free_pbuf_custom
                0x100118cc       0x24 CMakeFiles/monitor_hidratacao.dir/pico-sdk/lib/lwip/src/core/ipv4/ip4_frag.c.obj
 .text.ip_reass_free_complete_datagram
                0x100118f0      0x118 CMakeFiles/monitor_hidratacao.dir/pico-sdk/lib/lwip/src/core/ipv4/ip4_frag.c.obj
 .text.ip_reass_remove_oldest_datagram
                0x10011a08      0x118 CMakeFiles/monitor_hidratacao.dir/pico-sdk/lib/lwip/src/core/ipv4/ip4_frag.c.obj
 .text.ip_reass_tmr
                0x10011b20       0x30 CMakeFiles/monitor_hidratacao.dir/pico-sdk/lib/lwip/src/core/ipv4/ip4_frag.c.obj
                0x10011b20                ip_reass_tmr
 .text.ip4_reass
                0x10011b50      0x4ec CMakeFiles/monitor_hidratacao.dir/pico-sdk/lib/lwip/src/core/ipv4/ip4_frag.c.obj
                0x10011b50                ip4_reass
 .text.ip4_frag
                0x1001203c      0x1f4 CMakeFiles/monitor_hidratacao.dir/pico-sdk/lib/lwip/src/core/ipv4/ip4_frag.c.obj
                0x1001203c                ip4_frag
 .text.ip4_route
                0x10012230       0x78 CMakeFiles/monitor_hidratacao.dir/pico-sdk/lib/lwip/src/core/ipv4/ip4.c.obj
                0x10012230                ip4_route
 .text.ip4_input
                0x100122a8      0x268 CMakeFiles/monitor_hidratacao.dir/pico-sdk/lib/lwip/src/core/ipv4/ip4.c.obj
                0x100122a8                ip4_input
 .text.ip4_output_if
                0x10012510      0x18c CMakeFiles/monitor_hidratacao.dir/pico-sdk/lib/lwip/src/core/ipv4/ip4.c.obj
                0x10012510                ip4_output_if
 .text.ip4_output_if_src
                0x1001269c      0x170 CMakeFiles/monitor_hidratacao.dir/pico-sdk/lib/lwip/src/core/ipv4/ip4.c.obj
                0x1001269c                ip4_output_if_src
 .text.ip4_addr_isbroadcast_u32
                0x1001280c       0x3c CMakeFiles/monitor_hidratacao.dir/pico-sdk/lib/lwip/src/core/ipv4/ip4_addr.c.obj
                0x1001280c                ip4_addr_isbroadcast_u32
 .text.ip4addr_aton
                0x10012848      0x1a0 CMakeFiles/monitor_hidratacao.dir/pico-sdk/lib/lwip/src/core/ipv4/ip4_addr.c.obj
                0x10012848                ip4addr_aton
 .text.acd_add  0x100129e8       0x30 CMakeFiles/monitor_hidratacao.dir/pico-sdk/lib/lwip/src/core/ipv4/acd.c.obj
                0x100129e8                acd_add
 .text.acd_remove
                0x10012a18       0x38 CMakeFiles/monitor_hidratacao.dir/pico-sdk/lib/lwip/src/core/ipv4/acd.c.obj
                0x10012a18                acd_remove
 .text.acd_start
                0x10012a50       0x20 CMakeFiles/monitor_hidratacao.dir/pico-sdk/lib/lwip/src/core/ipv4/acd.c.obj
                0x10012a50                acd_start
 .text.acd_network_changed_link_down
                0x10012a70       0x14 CMakeFiles/monitor_hidratacao.dir/pico-sdk/lib/lwip/src/core/ipv4/acd.c.obj
                0x10012a70                acd_network_changed_link_down
 .text.acd_tmr  0x10012a84       0xe8 CMakeFiles/monitor_hidratacao.dir/pico-sdk/lib/lwip/src/core/ipv4/acd.c.obj
                0x10012a84                acd_tmr
 .text.acd_arp_reply
                0x10012b6c      0x198 CMakeFiles/monitor_hidratacao.dir/pico-sdk/lib/lwip/src/core/ipv4/acd.c.obj
                0x10012b6c                acd_arp_reply
 .text.acd_netif_ip_addr_changed
                0x10012d04       0x74 CMakeFiles/monitor_hidratacao.dir/pico-sdk/lib/lwip/src/core/ipv4/acd.c.obj
                0x10012d04                acd_netif_ip_addr_changed
 .text.ethernet_input
                0x10012d78       0xb0 CMakeFiles/monitor_hidratacao.dir/pico-sdk/lib/lwip/src/netif/ethernet.c.obj
                0x10012d78                ethernet_input
 .text.ethernet_output
                0x10012e28       0x6c CMakeFiles/monitor_hidratacao.dir/pico-sdk/lib/lwip/src/netif/ethernet.c.obj
                0x10012e28                ethernet_output
 .text.cyw43_arch_wifi_connect_bssid_until.part.0